Archive member included to satisfy reference by file (symbol)

c:/st/stm32cubeide_1.9.0/stm32cubeide/plugins/com.st.stm32cube.ide.mcu.externaltools.gnu-tools-for-stm32.10.3-2021.10.win32_1.0.0.202111181127/tools/bin/../lib/gcc/arm-none-eabi/10.3.1/../../../../arm-none-eabi/lib/thumb/v7e-m+fp/hard\libc_nano.a(lib_a-errno.o)
                              ./Src/syscalls.o (__errno)
c:/st/stm32cubeide_1.9.0/stm32cubeide/plugins/com.st.stm32cube.ide.mcu.externaltools.gnu-tools-for-stm32.10.3-2021.10.win32_1.0.0.202111181127/tools/bin/../lib/gcc/arm-none-eabi/10.3.1/../../../../arm-none-eabi/lib/thumb/v7e-m+fp/hard\libc_nano.a(lib_a-exit.o)
                              c:/st/stm32cubeide_1.9.0/stm32cubeide/plugins/com.st.stm32cube.ide.mcu.externaltools.gnu-tools-for-stm32.10.3-2021.10.win32_1.0.0.202111181127/tools/bin/../lib/gcc/arm-none-eabi/10.3.1/../../../../arm-none-eabi/lib/thumb/v7e-m+fp/hard/crt0.o (exit)
c:/st/stm32cubeide_1.9.0/stm32cubeide/plugins/com.st.stm32cube.ide.mcu.externaltools.gnu-tools-for-stm32.10.3-2021.10.win32_1.0.0.202111181127/tools/bin/../lib/gcc/arm-none-eabi/10.3.1/../../../../arm-none-eabi/lib/thumb/v7e-m+fp/hard\libc_nano.a(lib_a-impure.o)
                              c:/st/stm32cubeide_1.9.0/stm32cubeide/plugins/com.st.stm32cube.ide.mcu.externaltools.gnu-tools-for-stm32.10.3-2021.10.win32_1.0.0.202111181127/tools/bin/../lib/gcc/arm-none-eabi/10.3.1/../../../../arm-none-eabi/lib/thumb/v7e-m+fp/hard\libc_nano.a(lib_a-exit.o) (_global_impure_ptr)
c:/st/stm32cubeide_1.9.0/stm32cubeide/plugins/com.st.stm32cube.ide.mcu.externaltools.gnu-tools-for-stm32.10.3-2021.10.win32_1.0.0.202111181127/tools/bin/../lib/gcc/arm-none-eabi/10.3.1/../../../../arm-none-eabi/lib/thumb/v7e-m+fp/hard\libc_nano.a(lib_a-init.o)
                              c:/st/stm32cubeide_1.9.0/stm32cubeide/plugins/com.st.stm32cube.ide.mcu.externaltools.gnu-tools-for-stm32.10.3-2021.10.win32_1.0.0.202111181127/tools/bin/../lib/gcc/arm-none-eabi/10.3.1/../../../../arm-none-eabi/lib/thumb/v7e-m+fp/hard/crt0.o (__libc_init_array)
c:/st/stm32cubeide_1.9.0/stm32cubeide/plugins/com.st.stm32cube.ide.mcu.externaltools.gnu-tools-for-stm32.10.3-2021.10.win32_1.0.0.202111181127/tools/bin/../lib/gcc/arm-none-eabi/10.3.1/../../../../arm-none-eabi/lib/thumb/v7e-m+fp/hard\libc_nano.a(lib_a-memset.o)
                              c:/st/stm32cubeide_1.9.0/stm32cubeide/plugins/com.st.stm32cube.ide.mcu.externaltools.gnu-tools-for-stm32.10.3-2021.10.win32_1.0.0.202111181127/tools/bin/../lib/gcc/arm-none-eabi/10.3.1/../../../../arm-none-eabi/lib/thumb/v7e-m+fp/hard/crt0.o (memset)
c:/st/stm32cubeide_1.9.0/stm32cubeide/plugins/com.st.stm32cube.ide.mcu.externaltools.gnu-tools-for-stm32.10.3-2021.10.win32_1.0.0.202111181127/tools/bin/../lib/gcc/arm-none-eabi/10.3.1/../../../../arm-none-eabi/lib/thumb/v7e-m+fp/hard\libc_nano.a(lib_a-strlen.o)
                              ./Src/spi_tx_test.o (strlen)

Discarded input sections

 .text          0x0000000000000000        0x0 c:/st/stm32cubeide_1.9.0/stm32cubeide/plugins/com.st.stm32cube.ide.mcu.externaltools.gnu-tools-for-stm32.10.3-2021.10.win32_1.0.0.202111181127/tools/bin/../lib/gcc/arm-none-eabi/10.3.1/thumb/v7e-m+fp/hard/crti.o
 .data          0x0000000000000000        0x0 c:/st/stm32cubeide_1.9.0/stm32cubeide/plugins/com.st.stm32cube.ide.mcu.externaltools.gnu-tools-for-stm32.10.3-2021.10.win32_1.0.0.202111181127/tools/bin/../lib/gcc/arm-none-eabi/10.3.1/thumb/v7e-m+fp/hard/crti.o
 .bss           0x0000000000000000        0x0 c:/st/stm32cubeide_1.9.0/stm32cubeide/plugins/com.st.stm32cube.ide.mcu.externaltools.gnu-tools-for-stm32.10.3-2021.10.win32_1.0.0.202111181127/tools/bin/../lib/gcc/arm-none-eabi/10.3.1/thumb/v7e-m+fp/hard/crti.o
 .data          0x0000000000000000        0x4 c:/st/stm32cubeide_1.9.0/stm32cubeide/plugins/com.st.stm32cube.ide.mcu.externaltools.gnu-tools-for-stm32.10.3-2021.10.win32_1.0.0.202111181127/tools/bin/../lib/gcc/arm-none-eabi/10.3.1/thumb/v7e-m+fp/hard/crtbegin.o
 .rodata        0x0000000000000000       0x24 c:/st/stm32cubeide_1.9.0/stm32cubeide/plugins/com.st.stm32cube.ide.mcu.externaltools.gnu-tools-for-stm32.10.3-2021.10.win32_1.0.0.202111181127/tools/bin/../lib/gcc/arm-none-eabi/10.3.1/thumb/v7e-m+fp/hard/crtbegin.o
 .text          0x0000000000000000       0x7c c:/st/stm32cubeide_1.9.0/stm32cubeide/plugins/com.st.stm32cube.ide.mcu.externaltools.gnu-tools-for-stm32.10.3-2021.10.win32_1.0.0.202111181127/tools/bin/../lib/gcc/arm-none-eabi/10.3.1/../../../../arm-none-eabi/lib/thumb/v7e-m+fp/hard/crt0.o
 .data          0x0000000000000000        0x0 c:/st/stm32cubeide_1.9.0/stm32cubeide/plugins/com.st.stm32cube.ide.mcu.externaltools.gnu-tools-for-stm32.10.3-2021.10.win32_1.0.0.202111181127/tools/bin/../lib/gcc/arm-none-eabi/10.3.1/../../../../arm-none-eabi/lib/thumb/v7e-m+fp/hard/crt0.o
 .bss           0x0000000000000000        0x0 c:/st/stm32cubeide_1.9.0/stm32cubeide/plugins/com.st.stm32cube.ide.mcu.externaltools.gnu-tools-for-stm32.10.3-2021.10.win32_1.0.0.202111181127/tools/bin/../lib/gcc/arm-none-eabi/10.3.1/../../../../arm-none-eabi/lib/thumb/v7e-m+fp/hard/crt0.o
 .ARM.extab     0x0000000000000000        0x0 c:/st/stm32cubeide_1.9.0/stm32cubeide/plugins/com.st.stm32cube.ide.mcu.externaltools.gnu-tools-for-stm32.10.3-2021.10.win32_1.0.0.202111181127/tools/bin/../lib/gcc/arm-none-eabi/10.3.1/../../../../arm-none-eabi/lib/thumb/v7e-m+fp/hard/crt0.o
 .ARM.exidx     0x0000000000000000       0x10 c:/st/stm32cubeide_1.9.0/stm32cubeide/plugins/com.st.stm32cube.ide.mcu.externaltools.gnu-tools-for-stm32.10.3-2021.10.win32_1.0.0.202111181127/tools/bin/../lib/gcc/arm-none-eabi/10.3.1/../../../../arm-none-eabi/lib/thumb/v7e-m+fp/hard/crt0.o
 .ARM.attributes
                0x0000000000000000       0x1c c:/st/stm32cubeide_1.9.0/stm32cubeide/plugins/com.st.stm32cube.ide.mcu.externaltools.gnu-tools-for-stm32.10.3-2021.10.win32_1.0.0.202111181127/tools/bin/../lib/gcc/arm-none-eabi/10.3.1/../../../../arm-none-eabi/lib/thumb/v7e-m+fp/hard/crt0.o
 .group         0x0000000000000000        0xc ./Src/spi_tx_test.o
 .group         0x0000000000000000        0xc ./Src/spi_tx_test.o
 .group         0x0000000000000000        0xc ./Src/spi_tx_test.o
 .group         0x0000000000000000        0xc ./Src/spi_tx_test.o
 .group         0x0000000000000000        0xc ./Src/spi_tx_test.o
 .group         0x0000000000000000        0xc ./Src/spi_tx_test.o
 .group         0x0000000000000000        0xc ./Src/spi_tx_test.o
 .group         0x0000000000000000        0xc ./Src/spi_tx_test.o
 .group         0x0000000000000000        0xc ./Src/spi_tx_test.o
 .group         0x0000000000000000        0xc ./Src/spi_tx_test.o
 .group         0x0000000000000000        0xc ./Src/spi_tx_test.o
 .group         0x0000000000000000        0xc ./Src/spi_tx_test.o
 .group         0x0000000000000000        0xc ./Src/spi_tx_test.o
 .group         0x0000000000000000        0xc ./Src/spi_tx_test.o
 .group         0x0000000000000000        0xc ./Src/spi_tx_test.o
 .group         0x0000000000000000        0xc ./Src/spi_tx_test.o
 .group         0x0000000000000000        0xc ./Src/spi_tx_test.o
 .group         0x0000000000000000        0xc ./Src/spi_tx_test.o
 .group         0x0000000000000000        0xc ./Src/spi_tx_test.o
 .group         0x0000000000000000        0xc ./Src/spi_tx_test.o
 .group         0x0000000000000000        0xc ./Src/spi_tx_test.o
 .group         0x0000000000000000        0xc ./Src/spi_tx_test.o
 .group         0x0000000000000000        0xc ./Src/spi_tx_test.o
 .group         0x0000000000000000        0xc ./Src/spi_tx_test.o
 .group         0x0000000000000000        0xc ./Src/spi_tx_test.o
 .group         0x0000000000000000        0xc ./Src/spi_tx_test.o
 .group         0x0000000000000000        0xc ./Src/spi_tx_test.o
 .text          0x0000000000000000        0x0 ./Src/spi_tx_test.o
 .data          0x0000000000000000        0x0 ./Src/spi_tx_test.o
 .bss           0x0000000000000000        0x0 ./Src/spi_tx_test.o
 .group         0x0000000000000000        0xc ./Src/syscalls.o
 .group         0x0000000000000000        0xc ./Src/syscalls.o
 .group         0x0000000000000000        0xc ./Src/syscalls.o
 .group         0x0000000000000000        0xc ./Src/syscalls.o
 .group         0x0000000000000000        0xc ./Src/syscalls.o
 .group         0x0000000000000000        0xc ./Src/syscalls.o
 .group         0x0000000000000000        0xc ./Src/syscalls.o
 .group         0x0000000000000000        0xc ./Src/syscalls.o
 .group         0x0000000000000000        0xc ./Src/syscalls.o
 .group         0x0000000000000000        0xc ./Src/syscalls.o
 .group         0x0000000000000000        0xc ./Src/syscalls.o
 .group         0x0000000000000000        0xc ./Src/syscalls.o
 .group         0x0000000000000000        0xc ./Src/syscalls.o
 .group         0x0000000000000000        0xc ./Src/syscalls.o
 .group         0x0000000000000000        0xc ./Src/syscalls.o
 .group         0x0000000000000000        0xc ./Src/syscalls.o
 .group         0x0000000000000000        0xc ./Src/syscalls.o
 .group         0x0000000000000000        0xc ./Src/syscalls.o
 .group         0x0000000000000000        0xc ./Src/syscalls.o
 .group         0x0000000000000000        0xc ./Src/syscalls.o
 .group         0x0000000000000000        0xc ./Src/syscalls.o
 .group         0x0000000000000000        0xc ./Src/syscalls.o
 .group         0x0000000000000000        0xc ./Src/syscalls.o
 .group         0x0000000000000000        0xc ./Src/syscalls.o
 .group         0x0000000000000000        0xc ./Src/syscalls.o
 .group         0x0000000000000000        0xc ./Src/syscalls.o
 .group         0x0000000000000000        0xc ./Src/syscalls.o
 .group         0x0000000000000000        0xc ./Src/syscalls.o
 .group         0x0000000000000000        0xc ./Src/syscalls.o
 .group         0x0000000000000000        0xc ./Src/syscalls.o
 .group         0x0000000000000000        0xc ./Src/syscalls.o
 .group         0x0000000000000000        0xc ./Src/syscalls.o
 .group         0x0000000000000000        0xc ./Src/syscalls.o
 .group         0x0000000000000000        0xc ./Src/syscalls.o
 .group         0x0000000000000000        0xc ./Src/syscalls.o
 .group         0x0000000000000000        0xc ./Src/syscalls.o
 .group         0x0000000000000000        0xc ./Src/syscalls.o
 .group         0x0000000000000000        0xc ./Src/syscalls.o
 .group         0x0000000000000000        0xc ./Src/syscalls.o
 .group         0x0000000000000000        0xc ./Src/syscalls.o
 .group         0x0000000000000000        0xc ./Src/syscalls.o
 .group         0x0000000000000000        0xc ./Src/syscalls.o
 .group         0x0000000000000000        0xc ./Src/syscalls.o
 .group         0x0000000000000000        0xc ./Src/syscalls.o
 .group         0x0000000000000000        0xc ./Src/syscalls.o
 .group         0x0000000000000000        0xc ./Src/syscalls.o
 .group         0x0000000000000000        0xc ./Src/syscalls.o
 .text          0x0000000000000000        0x0 ./Src/syscalls.o
 .data          0x0000000000000000        0x0 ./Src/syscalls.o
 .bss           0x0000000000000000        0x0 ./Src/syscalls.o
 .text.ITM_SendChar
                0x0000000000000000       0x50 ./Src/syscalls.o
 .bss.__env     0x0000000000000000        0x4 ./Src/syscalls.o
 .data.environ  0x0000000000000000        0x4 ./Src/syscalls.o
 .text.initialise_monitor_handles
                0x0000000000000000        0xe ./Src/syscalls.o
 .text._getpid  0x0000000000000000       0x10 ./Src/syscalls.o
 .text._kill    0x0000000000000000       0x20 ./Src/syscalls.o
 .text._exit    0x0000000000000000       0x14 ./Src/syscalls.o
 .text._read    0x0000000000000000       0x3a ./Src/syscalls.o
 .text._write   0x0000000000000000       0x38 ./Src/syscalls.o
 .text._close   0x0000000000000000       0x18 ./Src/syscalls.o
 .text._fstat   0x0000000000000000       0x20 ./Src/syscalls.o
 .text._isatty  0x0000000000000000       0x16 ./Src/syscalls.o
 .text._lseek   0x0000000000000000       0x1a ./Src/syscalls.o
 .text._open    0x0000000000000000       0x1c ./Src/syscalls.o
 .text._wait    0x0000000000000000       0x1e ./Src/syscalls.o
 .text._unlink  0x0000000000000000       0x1e ./Src/syscalls.o
 .text._times   0x0000000000000000       0x18 ./Src/syscalls.o
 .text._stat    0x0000000000000000       0x20 ./Src/syscalls.o
 .text._link    0x0000000000000000       0x20 ./Src/syscalls.o
 .text._fork    0x0000000000000000       0x16 ./Src/syscalls.o
 .text._execve  0x0000000000000000       0x22 ./Src/syscalls.o
 .debug_info    0x0000000000000000      0x70f ./Src/syscalls.o
 .debug_abbrev  0x0000000000000000      0x1af ./Src/syscalls.o
 .debug_aranges
                0x0000000000000000       0xb0 ./Src/syscalls.o
 .debug_ranges  0x0000000000000000       0xa0 ./Src/syscalls.o
 .debug_macro   0x0000000000000000      0x25e ./Src/syscalls.o
 .debug_macro   0x0000000000000000      0xa84 ./Src/syscalls.o
 .debug_macro   0x0000000000000000       0x22 ./Src/syscalls.o
 .debug_macro   0x0000000000000000       0x4c ./Src/syscalls.o
 .debug_macro   0x0000000000000000       0x1e ./Src/syscalls.o
 .debug_macro   0x0000000000000000       0x94 ./Src/syscalls.o
 .debug_macro   0x0000000000000000       0x3c ./Src/syscalls.o
 .debug_macro   0x0000000000000000       0x34 ./Src/syscalls.o
 .debug_macro   0x0000000000000000       0x57 ./Src/syscalls.o
 .debug_macro   0x0000000000000000      0x174 ./Src/syscalls.o
 .debug_macro   0x0000000000000000      0x341 ./Src/syscalls.o
 .debug_macro   0x0000000000000000       0x16 ./Src/syscalls.o
 .debug_macro   0x0000000000000000       0x43 ./Src/syscalls.o
 .debug_macro   0x0000000000000000       0x34 ./Src/syscalls.o
 .debug_macro   0x0000000000000000       0x10 ./Src/syscalls.o
 .debug_macro   0x0000000000000000       0x58 ./Src/syscalls.o
 .debug_macro   0x0000000000000000       0x71 ./Src/syscalls.o
 .debug_macro   0x0000000000000000       0x1c ./Src/syscalls.o
 .debug_macro   0x0000000000000000      0x12a ./Src/syscalls.o
 .debug_macro   0x0000000000000000       0x10 ./Src/syscalls.o
 .debug_macro   0x0000000000000000       0x35 ./Src/syscalls.o
 .debug_macro   0x0000000000000000       0x10 ./Src/syscalls.o
 .debug_macro   0x0000000000000000       0x10 ./Src/syscalls.o
 .debug_macro   0x0000000000000000       0x10 ./Src/syscalls.o
 .debug_macro   0x0000000000000000       0x6a ./Src/syscalls.o
 .debug_macro   0x0000000000000000       0x1c ./Src/syscalls.o
 .debug_macro   0x0000000000000000       0x52 ./Src/syscalls.o
 .debug_macro   0x0000000000000000       0x22 ./Src/syscalls.o
 .debug_macro   0x0000000000000000       0x10 ./Src/syscalls.o
 .debug_macro   0x0000000000000000       0x52 ./Src/syscalls.o
 .debug_macro   0x0000000000000000       0xd5 ./Src/syscalls.o
 .debug_macro   0x0000000000000000       0x1c ./Src/syscalls.o
 .debug_macro   0x0000000000000000       0x3d ./Src/syscalls.o
 .debug_macro   0x0000000000000000       0x35 ./Src/syscalls.o
 .debug_macro   0x0000000000000000      0x12c ./Src/syscalls.o
 .debug_macro   0x0000000000000000       0x16 ./Src/syscalls.o
 .debug_macro   0x0000000000000000       0x16 ./Src/syscalls.o
 .debug_macro   0x0000000000000000       0x29 ./Src/syscalls.o
 .debug_macro   0x0000000000000000       0x10 ./Src/syscalls.o
 .debug_macro   0x0000000000000000      0x241 ./Src/syscalls.o
 .debug_macro   0x0000000000000000       0x1c ./Src/syscalls.o
 .debug_macro   0x0000000000000000       0x10 ./Src/syscalls.o
 .debug_macro   0x0000000000000000       0x10 ./Src/syscalls.o
 .debug_macro   0x0000000000000000       0x16 ./Src/syscalls.o
 .debug_macro   0x0000000000000000      0x145 ./Src/syscalls.o
 .debug_macro   0x0000000000000000      0x189 ./Src/syscalls.o
 .debug_macro   0x0000000000000000       0x16 ./Src/syscalls.o
 .debug_macro   0x0000000000000000       0xce ./Src/syscalls.o
 .debug_line    0x0000000000000000      0x81f ./Src/syscalls.o
 .debug_str     0x0000000000000000     0x8b2f ./Src/syscalls.o
 .comment       0x0000000000000000       0x51 ./Src/syscalls.o
 .debug_frame   0x0000000000000000      0x2d4 ./Src/syscalls.o
 .ARM.attributes
                0x0000000000000000       0x34 ./Src/syscalls.o
 .group         0x0000000000000000        0xc ./Src/sysmem.o
 .group         0x0000000000000000        0xc ./Src/sysmem.o
 .group         0x0000000000000000        0xc ./Src/sysmem.o
 .group         0x0000000000000000        0xc ./Src/sysmem.o
 .group         0x0000000000000000        0xc ./Src/sysmem.o
 .group         0x0000000000000000        0xc ./Src/sysmem.o
 .group         0x0000000000000000        0xc ./Src/sysmem.o
 .group         0x0000000000000000        0xc ./Src/sysmem.o
 .group         0x0000000000000000        0xc ./Src/sysmem.o
 .group         0x0000000000000000        0xc ./Src/sysmem.o
 .group         0x0000000000000000        0xc ./Src/sysmem.o
 .group         0x0000000000000000        0xc ./Src/sysmem.o
 .group         0x0000000000000000        0xc ./Src/sysmem.o
 .group         0x0000000000000000        0xc ./Src/sysmem.o
 .group         0x0000000000000000        0xc ./Src/sysmem.o
 .group         0x0000000000000000        0xc ./Src/sysmem.o
 .group         0x0000000000000000        0xc ./Src/sysmem.o
 .group         0x0000000000000000        0xc ./Src/sysmem.o
 .group         0x0000000000000000        0xc ./Src/sysmem.o
 .group         0x0000000000000000        0xc ./Src/sysmem.o
 .group         0x0000000000000000        0xc ./Src/sysmem.o
 .group         0x0000000000000000        0xc ./Src/sysmem.o
 .text          0x0000000000000000        0x0 ./Src/sysmem.o
 .data          0x0000000000000000        0x0 ./Src/sysmem.o
 .bss           0x0000000000000000        0x0 ./Src/sysmem.o
 .bss.__sbrk_heap_end
                0x0000000000000000        0x4 ./Src/sysmem.o
 .text._sbrk    0x0000000000000000       0x6c ./Src/sysmem.o
 .debug_info    0x0000000000000000      0x171 ./Src/sysmem.o
 .debug_abbrev  0x0000000000000000       0xbb ./Src/sysmem.o
 .debug_aranges
                0x0000000000000000       0x20 ./Src/sysmem.o
 .debug_ranges  0x0000000000000000       0x10 ./Src/sysmem.o
 .debug_macro   0x0000000000000000       0xff ./Src/sysmem.o
 .debug_macro   0x0000000000000000      0xa84 ./Src/sysmem.o
 .debug_macro   0x0000000000000000       0x10 ./Src/sysmem.o
 .debug_macro   0x0000000000000000       0x22 ./Src/sysmem.o
 .debug_macro   0x0000000000000000       0x4c ./Src/sysmem.o
 .debug_macro   0x0000000000000000       0x1e ./Src/sysmem.o
 .debug_macro   0x0000000000000000       0x94 ./Src/sysmem.o
 .debug_macro   0x0000000000000000       0x3c ./Src/sysmem.o
 .debug_macro   0x0000000000000000       0x34 ./Src/sysmem.o
 .debug_macro   0x0000000000000000      0x174 ./Src/sysmem.o
 .debug_macro   0x0000000000000000       0x16 ./Src/sysmem.o
 .debug_macro   0x0000000000000000       0x43 ./Src/sysmem.o
 .debug_macro   0x0000000000000000       0x57 ./Src/sysmem.o
 .debug_macro   0x0000000000000000       0x34 ./Src/sysmem.o
 .debug_macro   0x0000000000000000       0x10 ./Src/sysmem.o
 .debug_macro   0x0000000000000000       0x58 ./Src/sysmem.o
 .debug_macro   0x0000000000000000       0x71 ./Src/sysmem.o
 .debug_macro   0x0000000000000000       0x1c ./Src/sysmem.o
 .debug_macro   0x0000000000000000      0x12a ./Src/sysmem.o
 .debug_macro   0x0000000000000000      0x23b ./Src/sysmem.o
 .debug_macro   0x0000000000000000      0x103 ./Src/sysmem.o
 .debug_macro   0x0000000000000000       0x6a ./Src/sysmem.o
 .debug_macro   0x0000000000000000      0x1df ./Src/sysmem.o
 .debug_line    0x0000000000000000      0x4e0 ./Src/sysmem.o
 .debug_str     0x0000000000000000     0x5dbd ./Src/sysmem.o
 .comment       0x0000000000000000       0x51 ./Src/sysmem.o
 .debug_frame   0x0000000000000000       0x34 ./Src/sysmem.o
 .ARM.attributes
                0x0000000000000000       0x34 ./Src/sysmem.o
 .text          0x0000000000000000       0x14 ./Startup/startup_stm32f407vgtx.o
 .data          0x0000000000000000        0x0 ./Startup/startup_stm32f407vgtx.o
 .bss           0x0000000000000000        0x0 ./Startup/startup_stm32f407vgtx.o
 .group         0x0000000000000000        0xc ./drivers/src/stm32f407_gpio_driver.o
 .group         0x0000000000000000        0xc ./drivers/src/stm32f407_gpio_driver.o
 .group         0x0000000000000000        0xc ./drivers/src/stm32f407_gpio_driver.o
 .group         0x0000000000000000        0xc ./drivers/src/stm32f407_gpio_driver.o
 .group         0x0000000000000000        0xc ./drivers/src/stm32f407_gpio_driver.o
 .group         0x0000000000000000        0xc ./drivers/src/stm32f407_gpio_driver.o
 .group         0x0000000000000000        0xc ./drivers/src/stm32f407_gpio_driver.o
 .group         0x0000000000000000        0xc ./drivers/src/stm32f407_gpio_driver.o
 .group         0x0000000000000000        0xc ./drivers/src/stm32f407_gpio_driver.o
 .group         0x0000000000000000        0xc ./drivers/src/stm32f407_gpio_driver.o
 .text          0x0000000000000000        0x0 ./drivers/src/stm32f407_gpio_driver.o
 .data          0x0000000000000000        0x0 ./drivers/src/stm32f407_gpio_driver.o
 .bss           0x0000000000000000        0x0 ./drivers/src/stm32f407_gpio_driver.o
 .text.GPIO_deinit
                0x0000000000000000      0x16c ./drivers/src/stm32f407_gpio_driver.o
 .text.GPIO_read_input_pin
                0x0000000000000000       0x2a ./drivers/src/stm32f407_gpio_driver.o
 .text.GPIO_read_input_port
                0x0000000000000000       0x1a ./drivers/src/stm32f407_gpio_driver.o
 .text.GPIO_write_output_pin
                0x0000000000000000       0x4a ./drivers/src/stm32f407_gpio_driver.o
 .text.GPIO_write_output_port
                0x0000000000000000       0x1e ./drivers/src/stm32f407_gpio_driver.o
 .text.GPIO_toggle_output_pin
                0x0000000000000000       0x2a ./drivers/src/stm32f407_gpio_driver.o
 .text.GPIO_irq_interrupt_config
                0x0000000000000000      0x10c ./drivers/src/stm32f407_gpio_driver.o
 .text.GPIO_irq_priority_config
                0x0000000000000000       0x5c ./drivers/src/stm32f407_gpio_driver.o
 .text.GPIO_irq_handling
                0x0000000000000000       0x40 ./drivers/src/stm32f407_gpio_driver.o
 .debug_macro   0x0000000000000000      0xa84 ./drivers/src/stm32f407_gpio_driver.o
 .debug_macro   0x0000000000000000       0x22 ./drivers/src/stm32f407_gpio_driver.o
 .debug_macro   0x0000000000000000       0x8e ./drivers/src/stm32f407_gpio_driver.o
 .debug_macro   0x0000000000000000       0x51 ./drivers/src/stm32f407_gpio_driver.o
 .debug_macro   0x0000000000000000      0x103 ./drivers/src/stm32f407_gpio_driver.o
 .debug_macro   0x0000000000000000       0x6a ./drivers/src/stm32f407_gpio_driver.o
 .debug_macro   0x0000000000000000      0x1df ./drivers/src/stm32f407_gpio_driver.o
 .debug_macro   0x0000000000000000      0x174 ./drivers/src/stm32f407_gpio_driver.o
 .debug_macro   0x0000000000000000      0x72b ./drivers/src/stm32f407_gpio_driver.o
 .debug_macro   0x0000000000000000       0xc4 ./drivers/src/stm32f407_gpio_driver.o
 .group         0x0000000000000000        0xc ./drivers/src/stm32f407_i2c_driver.o
 .group         0x0000000000000000        0xc ./drivers/src/stm32f407_i2c_driver.o
 .group         0x0000000000000000        0xc ./drivers/src/stm32f407_i2c_driver.o
 .group         0x0000000000000000        0xc ./drivers/src/stm32f407_i2c_driver.o
 .group         0x0000000000000000        0xc ./drivers/src/stm32f407_i2c_driver.o
 .group         0x0000000000000000        0xc ./drivers/src/stm32f407_i2c_driver.o
 .group         0x0000000000000000        0xc ./drivers/src/stm32f407_i2c_driver.o
 .group         0x0000000000000000        0xc ./drivers/src/stm32f407_i2c_driver.o
 .group         0x0000000000000000        0xc ./drivers/src/stm32f407_i2c_driver.o
 .group         0x0000000000000000        0xc ./drivers/src/stm32f407_i2c_driver.o
 .text          0x0000000000000000        0x0 ./drivers/src/stm32f407_i2c_driver.o
 .data          0x0000000000000000        0x0 ./drivers/src/stm32f407_i2c_driver.o
 .bss           0x0000000000000000        0x0 ./drivers/src/stm32f407_i2c_driver.o
 .text.I2C_init
                0x0000000000000000      0x164 ./drivers/src/stm32f407_i2c_driver.o
 .text.I2C_deinit
                0x0000000000000000       0x88 ./drivers/src/stm32f407_i2c_driver.o
 .text.I2C_clk_ctrl
                0x0000000000000000       0xb0 ./drivers/src/stm32f407_i2c_driver.o
 .text.I2C_master_tx
                0x0000000000000000       0xc6 ./drivers/src/stm32f407_i2c_driver.o
 .text.I2C_master_rx
                0x0000000000000000      0x11c ./drivers/src/stm32f407_i2c_driver.o
 .text.I2C_master_tx_interrupt
                0x0000000000000000       0x86 ./drivers/src/stm32f407_i2c_driver.o
 .text.I2C_master_rx_interrupt
                0x0000000000000000       0x86 ./drivers/src/stm32f407_i2c_driver.o
 .text.I2C_slave_tx
                0x0000000000000000       0x1e ./drivers/src/stm32f407_i2c_driver.o
 .text.I2C_slave_rx
                0x0000000000000000       0x1a ./drivers/src/stm32f407_i2c_driver.o
 .text.I2C_irq_interrupt_config
                0x0000000000000000      0x10c ./drivers/src/stm32f407_i2c_driver.o
 .text.I2C_irq_priority_config
                0x0000000000000000       0x5c ./drivers/src/stm32f407_i2c_driver.o
 .text.I2C_event_irq_handling
                0x0000000000000000      0x264 ./drivers/src/stm32f407_i2c_driver.o
 .text.I2C_error_irq_handling
                0x0000000000000000      0x10c ./drivers/src/stm32f407_i2c_driver.o
 .text.get_I2C_status
                0x0000000000000000       0x28 ./drivers/src/stm32f407_i2c_driver.o
 .text.I2C_peripheral_control
                0x0000000000000000       0x38 ./drivers/src/stm32f407_i2c_driver.o
 .text.I2C_manage_ack
                0x0000000000000000       0x38 ./drivers/src/stm32f407_i2c_driver.o
 .text.I2C_close_tx
                0x0000000000000000       0x46 ./drivers/src/stm32f407_i2c_driver.o
 .text.I2C_close_rx
                0x0000000000000000       0x5c ./drivers/src/stm32f407_i2c_driver.o
 .text.I2C_generate_start
                0x0000000000000000       0x20 ./drivers/src/stm32f407_i2c_driver.o
 .text.I2C_address_phase
                0x0000000000000000       0x40 ./drivers/src/stm32f407_i2c_driver.o
 .text.I2C_clear_addr_flag
                0x0000000000000000       0x6e ./drivers/src/stm32f407_i2c_driver.o
 .text.I2C_generate_stop
                0x0000000000000000       0x20 ./drivers/src/stm32f407_i2c_driver.o
 .text.I2C_slave_en_di_callback_ev
                0x0000000000000000       0x68 ./drivers/src/stm32f407_i2c_driver.o
 .debug_info    0x0000000000000000      0xa51 ./drivers/src/stm32f407_i2c_driver.o
 .debug_abbrev  0x0000000000000000      0x224 ./drivers/src/stm32f407_i2c_driver.o
 .debug_aranges
                0x0000000000000000       0xd0 ./drivers/src/stm32f407_i2c_driver.o
 .debug_ranges  0x0000000000000000       0xc0 ./drivers/src/stm32f407_i2c_driver.o
 .debug_macro   0x0000000000000000       0x96 ./drivers/src/stm32f407_i2c_driver.o
 .debug_macro   0x0000000000000000      0xa84 ./drivers/src/stm32f407_i2c_driver.o
 .debug_macro   0x0000000000000000       0x22 ./drivers/src/stm32f407_i2c_driver.o
 .debug_macro   0x0000000000000000       0x8e ./drivers/src/stm32f407_i2c_driver.o
 .debug_macro   0x0000000000000000       0x51 ./drivers/src/stm32f407_i2c_driver.o
 .debug_macro   0x0000000000000000      0x103 ./drivers/src/stm32f407_i2c_driver.o
 .debug_macro   0x0000000000000000       0x6a ./drivers/src/stm32f407_i2c_driver.o
 .debug_macro   0x0000000000000000      0x1df ./drivers/src/stm32f407_i2c_driver.o
 .debug_macro   0x0000000000000000      0x174 ./drivers/src/stm32f407_i2c_driver.o
 .debug_macro   0x0000000000000000      0x72b ./drivers/src/stm32f407_i2c_driver.o
 .debug_macro   0x0000000000000000       0xe8 ./drivers/src/stm32f407_i2c_driver.o
 .debug_line    0x0000000000000000      0xc96 ./drivers/src/stm32f407_i2c_driver.o
 .debug_str     0x0000000000000000     0x6c64 ./drivers/src/stm32f407_i2c_driver.o
 .comment       0x0000000000000000       0x51 ./drivers/src/stm32f407_i2c_driver.o
 .debug_frame   0x0000000000000000      0x388 ./drivers/src/stm32f407_i2c_driver.o
 .ARM.attributes
                0x0000000000000000       0x34 ./drivers/src/stm32f407_i2c_driver.o
 .group         0x0000000000000000        0xc ./drivers/src/stm32f407_rcc_driver.o
 .group         0x0000000000000000        0xc ./drivers/src/stm32f407_rcc_driver.o
 .group         0x0000000000000000        0xc ./drivers/src/stm32f407_rcc_driver.o
 .group         0x0000000000000000        0xc ./drivers/src/stm32f407_rcc_driver.o
 .group         0x0000000000000000        0xc ./drivers/src/stm32f407_rcc_driver.o
 .group         0x0000000000000000        0xc ./drivers/src/stm32f407_rcc_driver.o
 .group         0x0000000000000000        0xc ./drivers/src/stm32f407_rcc_driver.o
 .group         0x0000000000000000        0xc ./drivers/src/stm32f407_rcc_driver.o
 .group         0x0000000000000000        0xc ./drivers/src/stm32f407_rcc_driver.o
 .text          0x0000000000000000        0x0 ./drivers/src/stm32f407_rcc_driver.o
 .data          0x0000000000000000        0x0 ./drivers/src/stm32f407_rcc_driver.o
 .bss           0x0000000000000000        0x0 ./drivers/src/stm32f407_rcc_driver.o
 .data.AHB_pre_scaler
                0x0000000000000000       0x10 ./drivers/src/stm32f407_rcc_driver.o
 .data.APB_pre_scaler
                0x0000000000000000        0x4 ./drivers/src/stm32f407_rcc_driver.o
 .text.get_rcc_pclk1_val
                0x0000000000000000       0xa8 ./drivers/src/stm32f407_rcc_driver.o
 .text.get_rcc_pclk2_val
                0x0000000000000000       0x9c ./drivers/src/stm32f407_rcc_driver.o
 .debug_info    0x0000000000000000      0x3bd ./drivers/src/stm32f407_rcc_driver.o
 .debug_abbrev  0x0000000000000000       0xe4 ./drivers/src/stm32f407_rcc_driver.o
 .debug_aranges
                0x0000000000000000       0x28 ./drivers/src/stm32f407_rcc_driver.o
 .debug_ranges  0x0000000000000000       0x18 ./drivers/src/stm32f407_rcc_driver.o
 .debug_macro   0x0000000000000000       0x7f ./drivers/src/stm32f407_rcc_driver.o
 .debug_macro   0x0000000000000000      0xa84 ./drivers/src/stm32f407_rcc_driver.o
 .debug_macro   0x0000000000000000       0x22 ./drivers/src/stm32f407_rcc_driver.o
 .debug_macro   0x0000000000000000       0x8e ./drivers/src/stm32f407_rcc_driver.o
 .debug_macro   0x0000000000000000       0x51 ./drivers/src/stm32f407_rcc_driver.o
 .debug_macro   0x0000000000000000      0x103 ./drivers/src/stm32f407_rcc_driver.o
 .debug_macro   0x0000000000000000       0x6a ./drivers/src/stm32f407_rcc_driver.o
 .debug_macro   0x0000000000000000      0x1df ./drivers/src/stm32f407_rcc_driver.o
 .debug_macro   0x0000000000000000      0x174 ./drivers/src/stm32f407_rcc_driver.o
 .debug_macro   0x0000000000000000      0x72b ./drivers/src/stm32f407_rcc_driver.o
 .debug_line    0x0000000000000000      0x4b1 ./drivers/src/stm32f407_rcc_driver.o
 .debug_str     0x0000000000000000     0x6599 ./drivers/src/stm32f407_rcc_driver.o
 .comment       0x0000000000000000       0x51 ./drivers/src/stm32f407_rcc_driver.o
 .debug_frame   0x0000000000000000       0x60 ./drivers/src/stm32f407_rcc_driver.o
 .ARM.attributes
                0x0000000000000000       0x34 ./drivers/src/stm32f407_rcc_driver.o
 .group         0x0000000000000000        0xc ./drivers/src/stm32f407_spi_driver.o
 .group         0x0000000000000000        0xc ./drivers/src/stm32f407_spi_driver.o
 .group         0x0000000000000000        0xc ./drivers/src/stm32f407_spi_driver.o
 .group         0x0000000000000000        0xc ./drivers/src/stm32f407_spi_driver.o
 .group         0x0000000000000000        0xc ./drivers/src/stm32f407_spi_driver.o
 .group         0x0000000000000000        0xc ./drivers/src/stm32f407_spi_driver.o
 .group         0x0000000000000000        0xc ./drivers/src/stm32f407_spi_driver.o
 .group         0x0000000000000000        0xc ./drivers/src/stm32f407_spi_driver.o
 .group         0x0000000000000000        0xc ./drivers/src/stm32f407_spi_driver.o
 .group         0x0000000000000000        0xc ./drivers/src/stm32f407_spi_driver.o
 .text          0x0000000000000000        0x0 ./drivers/src/stm32f407_spi_driver.o
 .data          0x0000000000000000        0x0 ./drivers/src/stm32f407_spi_driver.o
 .bss           0x0000000000000000        0x0 ./drivers/src/stm32f407_spi_driver.o
 .text.SPI_deinit
                0x0000000000000000       0x88 ./drivers/src/stm32f407_spi_driver.o
 .text.SPI_receive_data
                0x0000000000000000       0x6e ./drivers/src/stm32f407_spi_driver.o
 .text.SPI_irq_interrupt_config
                0x0000000000000000      0x10c ./drivers/src/stm32f407_spi_driver.o
 .text.SPI_irq_priority_config
                0x0000000000000000       0x5c ./drivers/src/stm32f407_spi_driver.o
 .text.SPI_irq_handling
                0x0000000000000000       0x9a ./drivers/src/stm32f407_spi_driver.o
 .text.SPI_interrupt_send_data
                0x0000000000000000       0x46 ./drivers/src/stm32f407_spi_driver.o
 .text.SPI_interrupt_receive_data
                0x0000000000000000       0x46 ./drivers/src/stm32f407_spi_driver.o
 .text.SPI_SSOE_config
                0x0000000000000000       0x38 ./drivers/src/stm32f407_spi_driver.o
 .text.SPI_close_tx
                0x0000000000000000       0x36 ./drivers/src/stm32f407_spi_driver.o
 .text.SPI_close_rx
                0x0000000000000000       0x36 ./drivers/src/stm32f407_spi_driver.o
 .text.spi_tx_interrupt_handle
                0x0000000000000000       0x9c ./drivers/src/stm32f407_spi_driver.o
 .text.spi_rx_interrupt_handle
                0x0000000000000000       0xa0 ./drivers/src/stm32f407_spi_driver.o
 .text.spi_error_interrupt_handle
                0x0000000000000000       0x30 ./drivers/src/stm32f407_spi_driver.o
 .text.SPI_ApplicationEventCallback
                0x0000000000000000       0x18 ./drivers/src/stm32f407_spi_driver.o
 .debug_macro   0x0000000000000000      0xa84 ./drivers/src/stm32f407_spi_driver.o
 .debug_macro   0x0000000000000000       0x22 ./drivers/src/stm32f407_spi_driver.o
 .debug_macro   0x0000000000000000       0x8e ./drivers/src/stm32f407_spi_driver.o
 .debug_macro   0x0000000000000000       0x51 ./drivers/src/stm32f407_spi_driver.o
 .debug_macro   0x0000000000000000      0x103 ./drivers/src/stm32f407_spi_driver.o
 .debug_macro   0x0000000000000000       0x6a ./drivers/src/stm32f407_spi_driver.o
 .debug_macro   0x0000000000000000      0x1df ./drivers/src/stm32f407_spi_driver.o
 .debug_macro   0x0000000000000000      0x174 ./drivers/src/stm32f407_spi_driver.o
 .debug_macro   0x0000000000000000      0x72b ./drivers/src/stm32f407_spi_driver.o
 .debug_macro   0x0000000000000000       0xb8 ./drivers/src/stm32f407_spi_driver.o
 .group         0x0000000000000000        0xc ./drivers/src/stm32f407_uart_driver.o
 .group         0x0000000000000000        0xc ./drivers/src/stm32f407_uart_driver.o
 .group         0x0000000000000000        0xc ./drivers/src/stm32f407_uart_driver.o
 .group         0x0000000000000000        0xc ./drivers/src/stm32f407_uart_driver.o
 .group         0x0000000000000000        0xc ./drivers/src/stm32f407_uart_driver.o
 .group         0x0000000000000000        0xc ./drivers/src/stm32f407_uart_driver.o
 .group         0x0000000000000000        0xc ./drivers/src/stm32f407_uart_driver.o
 .group         0x0000000000000000        0xc ./drivers/src/stm32f407_uart_driver.o
 .group         0x0000000000000000        0xc ./drivers/src/stm32f407_uart_driver.o
 .group         0x0000000000000000        0xc ./drivers/src/stm32f407_uart_driver.o
 .text          0x0000000000000000        0x0 ./drivers/src/stm32f407_uart_driver.o
 .data          0x0000000000000000        0x0 ./drivers/src/stm32f407_uart_driver.o
 .bss           0x0000000000000000        0x0 ./drivers/src/stm32f407_uart_driver.o
 .text.USART_init
                0x0000000000000000      0x106 ./drivers/src/stm32f407_uart_driver.o
 .text.USART_deinit
                0x0000000000000000       0xfc ./drivers/src/stm32f407_uart_driver.o
 .text.USART_clk_ctrl
                0x0000000000000000      0x140 ./drivers/src/stm32f407_uart_driver.o
 .text.USART_set_baud_rate
                0x0000000000000000       0xe4 ./drivers/src/stm32f407_uart_driver.o
 .text.USART_tx
                0x0000000000000000       0x9e ./drivers/src/stm32f407_uart_driver.o
 .text.USART_rx
                0x0000000000000000       0xb2 ./drivers/src/stm32f407_uart_driver.o
 .text.USART_tx_interrupt
                0x0000000000000000       0x5a ./drivers/src/stm32f407_uart_driver.o
 .text.USART_rx_interrupt
                0x0000000000000000       0x4a ./drivers/src/stm32f407_uart_driver.o
 .text.USART_irq_interrupt_config
                0x0000000000000000      0x10c ./drivers/src/stm32f407_uart_driver.o
 .text.USART_irq_priority_config
                0x0000000000000000       0x5c ./drivers/src/stm32f407_uart_driver.o
 .text.USART_irq_handling
                0x0000000000000000      0x2fe ./drivers/src/stm32f407_uart_driver.o
 .text.get_USART_status
                0x0000000000000000       0x28 ./drivers/src/stm32f407_uart_driver.o
 .text.USART_peripheral_control
                0x0000000000000000       0x38 ./drivers/src/stm32f407_uart_driver.o
 .text.USART_application_callback
                0x0000000000000000       0x18 ./drivers/src/stm32f407_uart_driver.o
 .debug_info    0x0000000000000000      0x8d4 ./drivers/src/stm32f407_uart_driver.o
 .debug_abbrev  0x0000000000000000      0x1a9 ./drivers/src/stm32f407_uart_driver.o
 .debug_aranges
                0x0000000000000000       0x88 ./drivers/src/stm32f407_uart_driver.o
 .debug_ranges  0x0000000000000000       0x78 ./drivers/src/stm32f407_uart_driver.o
 .debug_macro   0x0000000000000000       0x96 ./drivers/src/stm32f407_uart_driver.o
 .debug_macro   0x0000000000000000      0xa84 ./drivers/src/stm32f407_uart_driver.o
 .debug_macro   0x0000000000000000       0x22 ./drivers/src/stm32f407_uart_driver.o
 .debug_macro   0x0000000000000000       0x8e ./drivers/src/stm32f407_uart_driver.o
 .debug_macro   0x0000000000000000       0x51 ./drivers/src/stm32f407_uart_driver.o
 .debug_macro   0x0000000000000000      0x103 ./drivers/src/stm32f407_uart_driver.o
 .debug_macro   0x0000000000000000       0x6a ./drivers/src/stm32f407_uart_driver.o
 .debug_macro   0x0000000000000000      0x1df ./drivers/src/stm32f407_uart_driver.o
 .debug_macro   0x0000000000000000      0x174 ./drivers/src/stm32f407_uart_driver.o
 .debug_macro   0x0000000000000000      0x72b ./drivers/src/stm32f407_uart_driver.o
 .debug_macro   0x0000000000000000      0x100 ./drivers/src/stm32f407_uart_driver.o
 .debug_line    0x0000000000000000      0xac0 ./drivers/src/stm32f407_uart_driver.o
 .debug_str     0x0000000000000000     0x6c3a ./drivers/src/stm32f407_uart_driver.o
 .comment       0x0000000000000000       0x51 ./drivers/src/stm32f407_uart_driver.o
 .debug_frame   0x0000000000000000      0x230 ./drivers/src/stm32f407_uart_driver.o
 .ARM.attributes
                0x0000000000000000       0x34 ./drivers/src/stm32f407_uart_driver.o
 .text          0x0000000000000000        0x0 c:/st/stm32cubeide_1.9.0/stm32cubeide/plugins/com.st.stm32cube.ide.mcu.externaltools.gnu-tools-for-stm32.10.3-2021.10.win32_1.0.0.202111181127/tools/bin/../lib/gcc/arm-none-eabi/10.3.1/../../../../arm-none-eabi/lib/thumb/v7e-m+fp/hard\libc_nano.a(lib_a-errno.o)
 .data          0x0000000000000000        0x0 c:/st/stm32cubeide_1.9.0/stm32cubeide/plugins/com.st.stm32cube.ide.mcu.externaltools.gnu-tools-for-stm32.10.3-2021.10.win32_1.0.0.202111181127/tools/bin/../lib/gcc/arm-none-eabi/10.3.1/../../../../arm-none-eabi/lib/thumb/v7e-m+fp/hard\libc_nano.a(lib_a-errno.o)
 .bss           0x0000000000000000        0x0 c:/st/stm32cubeide_1.9.0/stm32cubeide/plugins/com.st.stm32cube.ide.mcu.externaltools.gnu-tools-for-stm32.10.3-2021.10.win32_1.0.0.202111181127/tools/bin/../lib/gcc/arm-none-eabi/10.3.1/../../../../arm-none-eabi/lib/thumb/v7e-m+fp/hard\libc_nano.a(lib_a-errno.o)
 .text.__errno  0x0000000000000000        0xc c:/st/stm32cubeide_1.9.0/stm32cubeide/plugins/com.st.stm32cube.ide.mcu.externaltools.gnu-tools-for-stm32.10.3-2021.10.win32_1.0.0.202111181127/tools/bin/../lib/gcc/arm-none-eabi/10.3.1/../../../../arm-none-eabi/lib/thumb/v7e-m+fp/hard\libc_nano.a(lib_a-errno.o)
 .debug_frame   0x0000000000000000       0x20 c:/st/stm32cubeide_1.9.0/stm32cubeide/plugins/com.st.stm32cube.ide.mcu.externaltools.gnu-tools-for-stm32.10.3-2021.10.win32_1.0.0.202111181127/tools/bin/../lib/gcc/arm-none-eabi/10.3.1/../../../../arm-none-eabi/lib/thumb/v7e-m+fp/hard\libc_nano.a(lib_a-errno.o)
 .ARM.attributes
                0x0000000000000000       0x34 c:/st/stm32cubeide_1.9.0/stm32cubeide/plugins/com.st.stm32cube.ide.mcu.externaltools.gnu-tools-for-stm32.10.3-2021.10.win32_1.0.0.202111181127/tools/bin/../lib/gcc/arm-none-eabi/10.3.1/../../../../arm-none-eabi/lib/thumb/v7e-m+fp/hard\libc_nano.a(lib_a-errno.o)
 .text          0x0000000000000000        0x0 c:/st/stm32cubeide_1.9.0/stm32cubeide/plugins/com.st.stm32cube.ide.mcu.externaltools.gnu-tools-for-stm32.10.3-2021.10.win32_1.0.0.202111181127/tools/bin/../lib/gcc/arm-none-eabi/10.3.1/../../../../arm-none-eabi/lib/thumb/v7e-m+fp/hard\libc_nano.a(lib_a-exit.o)
 .data          0x0000000000000000        0x0 c:/st/stm32cubeide_1.9.0/stm32cubeide/plugins/com.st.stm32cube.ide.mcu.externaltools.gnu-tools-for-stm32.10.3-2021.10.win32_1.0.0.202111181127/tools/bin/../lib/gcc/arm-none-eabi/10.3.1/../../../../arm-none-eabi/lib/thumb/v7e-m+fp/hard\libc_nano.a(lib_a-exit.o)
 .bss           0x0000000000000000        0x0 c:/st/stm32cubeide_1.9.0/stm32cubeide/plugins/com.st.stm32cube.ide.mcu.externaltools.gnu-tools-for-stm32.10.3-2021.10.win32_1.0.0.202111181127/tools/bin/../lib/gcc/arm-none-eabi/10.3.1/../../../../arm-none-eabi/lib/thumb/v7e-m+fp/hard\libc_nano.a(lib_a-exit.o)
 .text.exit     0x0000000000000000       0x28 c:/st/stm32cubeide_1.9.0/stm32cubeide/plugins/com.st.stm32cube.ide.mcu.externaltools.gnu-tools-for-stm32.10.3-2021.10.win32_1.0.0.202111181127/tools/bin/../lib/gcc/arm-none-eabi/10.3.1/../../../../arm-none-eabi/lib/thumb/v7e-m+fp/hard\libc_nano.a(lib_a-exit.o)
 .debug_frame   0x0000000000000000       0x28 c:/st/stm32cubeide_1.9.0/stm32cubeide/plugins/com.st.stm32cube.ide.mcu.externaltools.gnu-tools-for-stm32.10.3-2021.10.win32_1.0.0.202111181127/tools/bin/../lib/gcc/arm-none-eabi/10.3.1/../../../../arm-none-eabi/lib/thumb/v7e-m+fp/hard\libc_nano.a(lib_a-exit.o)
 .ARM.attributes
                0x0000000000000000       0x34 c:/st/stm32cubeide_1.9.0/stm32cubeide/plugins/com.st.stm32cube.ide.mcu.externaltools.gnu-tools-for-stm32.10.3-2021.10.win32_1.0.0.202111181127/tools/bin/../lib/gcc/arm-none-eabi/10.3.1/../../../../arm-none-eabi/lib/thumb/v7e-m+fp/hard\libc_nano.a(lib_a-exit.o)
 .text          0x0000000000000000        0x0 c:/st/stm32cubeide_1.9.0/stm32cubeide/plugins/com.st.stm32cube.ide.mcu.externaltools.gnu-tools-for-stm32.10.3-2021.10.win32_1.0.0.202111181127/tools/bin/../lib/gcc/arm-none-eabi/10.3.1/../../../../arm-none-eabi/lib/thumb/v7e-m+fp/hard\libc_nano.a(lib_a-impure.o)
 .data          0x0000000000000000        0x0 c:/st/stm32cubeide_1.9.0/stm32cubeide/plugins/com.st.stm32cube.ide.mcu.externaltools.gnu-tools-for-stm32.10.3-2021.10.win32_1.0.0.202111181127/tools/bin/../lib/gcc/arm-none-eabi/10.3.1/../../../../arm-none-eabi/lib/thumb/v7e-m+fp/hard\libc_nano.a(lib_a-impure.o)
 .bss           0x0000000000000000        0x0 c:/st/stm32cubeide_1.9.0/stm32cubeide/plugins/com.st.stm32cube.ide.mcu.externaltools.gnu-tools-for-stm32.10.3-2021.10.win32_1.0.0.202111181127/tools/bin/../lib/gcc/arm-none-eabi/10.3.1/../../../../arm-none-eabi/lib/thumb/v7e-m+fp/hard\libc_nano.a(lib_a-impure.o)
 .data._impure_ptr
                0x0000000000000000        0x4 c:/st/stm32cubeide_1.9.0/stm32cubeide/plugins/com.st.stm32cube.ide.mcu.externaltools.gnu-tools-for-stm32.10.3-2021.10.win32_1.0.0.202111181127/tools/bin/../lib/gcc/arm-none-eabi/10.3.1/../../../../arm-none-eabi/lib/thumb/v7e-m+fp/hard\libc_nano.a(lib_a-impure.o)
 .data.impure_data
                0x0000000000000000       0x60 c:/st/stm32cubeide_1.9.0/stm32cubeide/plugins/com.st.stm32cube.ide.mcu.externaltools.gnu-tools-for-stm32.10.3-2021.10.win32_1.0.0.202111181127/tools/bin/../lib/gcc/arm-none-eabi/10.3.1/../../../../arm-none-eabi/lib/thumb/v7e-m+fp/hard\libc_nano.a(lib_a-impure.o)
 .rodata._global_impure_ptr
                0x0000000000000000        0x4 c:/st/stm32cubeide_1.9.0/stm32cubeide/plugins/com.st.stm32cube.ide.mcu.externaltools.gnu-tools-for-stm32.10.3-2021.10.win32_1.0.0.202111181127/tools/bin/../lib/gcc/arm-none-eabi/10.3.1/../../../../arm-none-eabi/lib/thumb/v7e-m+fp/hard\libc_nano.a(lib_a-impure.o)
 .ARM.attributes
                0x0000000000000000       0x34 c:/st/stm32cubeide_1.9.0/stm32cubeide/plugins/com.st.stm32cube.ide.mcu.externaltools.gnu-tools-for-stm32.10.3-2021.10.win32_1.0.0.202111181127/tools/bin/../lib/gcc/arm-none-eabi/10.3.1/../../../../arm-none-eabi/lib/thumb/v7e-m+fp/hard\libc_nano.a(lib_a-impure.o)
 .text          0x0000000000000000        0x0 c:/st/stm32cubeide_1.9.0/stm32cubeide/plugins/com.st.stm32cube.ide.mcu.externaltools.gnu-tools-for-stm32.10.3-2021.10.win32_1.0.0.202111181127/tools/bin/../lib/gcc/arm-none-eabi/10.3.1/../../../../arm-none-eabi/lib/thumb/v7e-m+fp/hard\libc_nano.a(lib_a-init.o)
 .data          0x0000000000000000        0x0 c:/st/stm32cubeide_1.9.0/stm32cubeide/plugins/com.st.stm32cube.ide.mcu.externaltools.gnu-tools-for-stm32.10.3-2021.10.win32_1.0.0.202111181127/tools/bin/../lib/gcc/arm-none-eabi/10.3.1/../../../../arm-none-eabi/lib/thumb/v7e-m+fp/hard\libc_nano.a(lib_a-init.o)
 .bss           0x0000000000000000        0x0 c:/st/stm32cubeide_1.9.0/stm32cubeide/plugins/com.st.stm32cube.ide.mcu.externaltools.gnu-tools-for-stm32.10.3-2021.10.win32_1.0.0.202111181127/tools/bin/../lib/gcc/arm-none-eabi/10.3.1/../../../../arm-none-eabi/lib/thumb/v7e-m+fp/hard\libc_nano.a(lib_a-init.o)
 .text          0x0000000000000000        0x0 c:/st/stm32cubeide_1.9.0/stm32cubeide/plugins/com.st.stm32cube.ide.mcu.externaltools.gnu-tools-for-stm32.10.3-2021.10.win32_1.0.0.202111181127/tools/bin/../lib/gcc/arm-none-eabi/10.3.1/../../../../arm-none-eabi/lib/thumb/v7e-m+fp/hard\libc_nano.a(lib_a-memset.o)
 .data          0x0000000000000000        0x0 c:/st/stm32cubeide_1.9.0/stm32cubeide/plugins/com.st.stm32cube.ide.mcu.externaltools.gnu-tools-for-stm32.10.3-2021.10.win32_1.0.0.202111181127/tools/bin/../lib/gcc/arm-none-eabi/10.3.1/../../../../arm-none-eabi/lib/thumb/v7e-m+fp/hard\libc_nano.a(lib_a-memset.o)
 .bss           0x0000000000000000        0x0 c:/st/stm32cubeide_1.9.0/stm32cubeide/plugins/com.st.stm32cube.ide.mcu.externaltools.gnu-tools-for-stm32.10.3-2021.10.win32_1.0.0.202111181127/tools/bin/../lib/gcc/arm-none-eabi/10.3.1/../../../../arm-none-eabi/lib/thumb/v7e-m+fp/hard\libc_nano.a(lib_a-memset.o)
 .text.memset   0x0000000000000000       0x10 c:/st/stm32cubeide_1.9.0/stm32cubeide/plugins/com.st.stm32cube.ide.mcu.externaltools.gnu-tools-for-stm32.10.3-2021.10.win32_1.0.0.202111181127/tools/bin/../lib/gcc/arm-none-eabi/10.3.1/../../../../arm-none-eabi/lib/thumb/v7e-m+fp/hard\libc_nano.a(lib_a-memset.o)
 .debug_frame   0x0000000000000000       0x20 c:/st/stm32cubeide_1.9.0/stm32cubeide/plugins/com.st.stm32cube.ide.mcu.externaltools.gnu-tools-for-stm32.10.3-2021.10.win32_1.0.0.202111181127/tools/bin/../lib/gcc/arm-none-eabi/10.3.1/../../../../arm-none-eabi/lib/thumb/v7e-m+fp/hard\libc_nano.a(lib_a-memset.o)
 .ARM.attributes
                0x0000000000000000       0x34 c:/st/stm32cubeide_1.9.0/stm32cubeide/plugins/com.st.stm32cube.ide.mcu.externaltools.gnu-tools-for-stm32.10.3-2021.10.win32_1.0.0.202111181127/tools/bin/../lib/gcc/arm-none-eabi/10.3.1/../../../../arm-none-eabi/lib/thumb/v7e-m+fp/hard\libc_nano.a(lib_a-memset.o)
 .data          0x0000000000000000        0x0 c:/st/stm32cubeide_1.9.0/stm32cubeide/plugins/com.st.stm32cube.ide.mcu.externaltools.gnu-tools-for-stm32.10.3-2021.10.win32_1.0.0.202111181127/tools/bin/../lib/gcc/arm-none-eabi/10.3.1/../../../../arm-none-eabi/lib/thumb/v7e-m+fp/hard\libc_nano.a(lib_a-strlen.o)
 .bss           0x0000000000000000        0x0 c:/st/stm32cubeide_1.9.0/stm32cubeide/plugins/com.st.stm32cube.ide.mcu.externaltools.gnu-tools-for-stm32.10.3-2021.10.win32_1.0.0.202111181127/tools/bin/../lib/gcc/arm-none-eabi/10.3.1/../../../../arm-none-eabi/lib/thumb/v7e-m+fp/hard\libc_nano.a(lib_a-strlen.o)
 .text          0x0000000000000000        0x0 c:/st/stm32cubeide_1.9.0/stm32cubeide/plugins/com.st.stm32cube.ide.mcu.externaltools.gnu-tools-for-stm32.10.3-2021.10.win32_1.0.0.202111181127/tools/bin/../lib/gcc/arm-none-eabi/10.3.1/thumb/v7e-m+fp/hard/crtend.o
 .data          0x0000000000000000        0x0 c:/st/stm32cubeide_1.9.0/stm32cubeide/plugins/com.st.stm32cube.ide.mcu.externaltools.gnu-tools-for-stm32.10.3-2021.10.win32_1.0.0.202111181127/tools/bin/../lib/gcc/arm-none-eabi/10.3.1/thumb/v7e-m+fp/hard/crtend.o
 .bss           0x0000000000000000        0x0 c:/st/stm32cubeide_1.9.0/stm32cubeide/plugins/com.st.stm32cube.ide.mcu.externaltools.gnu-tools-for-stm32.10.3-2021.10.win32_1.0.0.202111181127/tools/bin/../lib/gcc/arm-none-eabi/10.3.1/thumb/v7e-m+fp/hard/crtend.o
 .rodata        0x0000000000000000       0x24 c:/st/stm32cubeide_1.9.0/stm32cubeide/plugins/com.st.stm32cube.ide.mcu.externaltools.gnu-tools-for-stm32.10.3-2021.10.win32_1.0.0.202111181127/tools/bin/../lib/gcc/arm-none-eabi/10.3.1/thumb/v7e-m+fp/hard/crtend.o
 .eh_frame      0x0000000000000000        0x4 c:/st/stm32cubeide_1.9.0/stm32cubeide/plugins/com.st.stm32cube.ide.mcu.externaltools.gnu-tools-for-stm32.10.3-2021.10.win32_1.0.0.202111181127/tools/bin/../lib/gcc/arm-none-eabi/10.3.1/thumb/v7e-m+fp/hard/crtend.o
 .ARM.attributes
                0x0000000000000000       0x34 c:/st/stm32cubeide_1.9.0/stm32cubeide/plugins/com.st.stm32cube.ide.mcu.externaltools.gnu-tools-for-stm32.10.3-2021.10.win32_1.0.0.202111181127/tools/bin/../lib/gcc/arm-none-eabi/10.3.1/thumb/v7e-m+fp/hard/crtend.o
 .text          0x0000000000000000        0x0 c:/st/stm32cubeide_1.9.0/stm32cubeide/plugins/com.st.stm32cube.ide.mcu.externaltools.gnu-tools-for-stm32.10.3-2021.10.win32_1.0.0.202111181127/tools/bin/../lib/gcc/arm-none-eabi/10.3.1/thumb/v7e-m+fp/hard/crtn.o
 .data          0x0000000000000000        0x0 c:/st/stm32cubeide_1.9.0/stm32cubeide/plugins/com.st.stm32cube.ide.mcu.externaltools.gnu-tools-for-stm32.10.3-2021.10.win32_1.0.0.202111181127/tools/bin/../lib/gcc/arm-none-eabi/10.3.1/thumb/v7e-m+fp/hard/crtn.o
 .bss           0x0000000000000000        0x0 c:/st/stm32cubeide_1.9.0/stm32cubeide/plugins/com.st.stm32cube.ide.mcu.externaltools.gnu-tools-for-stm32.10.3-2021.10.win32_1.0.0.202111181127/tools/bin/../lib/gcc/arm-none-eabi/10.3.1/thumb/v7e-m+fp/hard/crtn.o

Memory Configuration

Name             Origin             Length             Attributes
CCMRAM           0x0000000010000000 0x0000000000010000 xrw
RAM              0x0000000020000000 0x0000000000020000 xrw
FLASH            0x0000000008000000 0x0000000000100000 xr
*default*        0x0000000000000000 0xffffffffffffffff

Linker script and memory map

LOAD c:/st/stm32cubeide_1.9.0/stm32cubeide/plugins/com.st.stm32cube.ide.mcu.externaltools.gnu-tools-for-stm32.10.3-2021.10.win32_1.0.0.202111181127/tools/bin/../lib/gcc/arm-none-eabi/10.3.1/thumb/v7e-m+fp/hard/crti.o
LOAD c:/st/stm32cubeide_1.9.0/stm32cubeide/plugins/com.st.stm32cube.ide.mcu.externaltools.gnu-tools-for-stm32.10.3-2021.10.win32_1.0.0.202111181127/tools/bin/../lib/gcc/arm-none-eabi/10.3.1/thumb/v7e-m+fp/hard/crtbegin.o
LOAD c:/st/stm32cubeide_1.9.0/stm32cubeide/plugins/com.st.stm32cube.ide.mcu.externaltools.gnu-tools-for-stm32.10.3-2021.10.win32_1.0.0.202111181127/tools/bin/../lib/gcc/arm-none-eabi/10.3.1/../../../../arm-none-eabi/lib/thumb/v7e-m+fp/hard/crt0.o
LOAD ./Src/spi_tx_test.o
LOAD ./Src/syscalls.o
LOAD ./Src/sysmem.o
LOAD ./Startup/startup_stm32f407vgtx.o
LOAD ./drivers/src/stm32f407_gpio_driver.o
LOAD ./drivers/src/stm32f407_i2c_driver.o
LOAD ./drivers/src/stm32f407_rcc_driver.o
LOAD ./drivers/src/stm32f407_spi_driver.o
LOAD ./drivers/src/stm32f407_uart_driver.o
START GROUP
LOAD c:/st/stm32cubeide_1.9.0/stm32cubeide/plugins/com.st.stm32cube.ide.mcu.externaltools.gnu-tools-for-stm32.10.3-2021.10.win32_1.0.0.202111181127/tools/bin/../lib/gcc/arm-none-eabi/10.3.1/../../../../arm-none-eabi/lib/thumb/v7e-m+fp/hard\libc_nano.a
LOAD c:/st/stm32cubeide_1.9.0/stm32cubeide/plugins/com.st.stm32cube.ide.mcu.externaltools.gnu-tools-for-stm32.10.3-2021.10.win32_1.0.0.202111181127/tools/bin/../lib/gcc/arm-none-eabi/10.3.1/../../../../arm-none-eabi/lib/thumb/v7e-m+fp/hard\libm.a
END GROUP
START GROUP
LOAD c:/st/stm32cubeide_1.9.0/stm32cubeide/plugins/com.st.stm32cube.ide.mcu.externaltools.gnu-tools-for-stm32.10.3-2021.10.win32_1.0.0.202111181127/tools/bin/../lib/gcc/arm-none-eabi/10.3.1/thumb/v7e-m+fp/hard\libgcc.a
LOAD c:/st/stm32cubeide_1.9.0/stm32cubeide/plugins/com.st.stm32cube.ide.mcu.externaltools.gnu-tools-for-stm32.10.3-2021.10.win32_1.0.0.202111181127/tools/bin/../lib/gcc/arm-none-eabi/10.3.1/../../../../arm-none-eabi/lib/thumb/v7e-m+fp/hard\libc_nano.a
END GROUP
START GROUP
LOAD c:/st/stm32cubeide_1.9.0/stm32cubeide/plugins/com.st.stm32cube.ide.mcu.externaltools.gnu-tools-for-stm32.10.3-2021.10.win32_1.0.0.202111181127/tools/bin/../lib/gcc/arm-none-eabi/10.3.1/thumb/v7e-m+fp/hard\libgcc.a
LOAD c:/st/stm32cubeide_1.9.0/stm32cubeide/plugins/com.st.stm32cube.ide.mcu.externaltools.gnu-tools-for-stm32.10.3-2021.10.win32_1.0.0.202111181127/tools/bin/../lib/gcc/arm-none-eabi/10.3.1/../../../../arm-none-eabi/lib/thumb/v7e-m+fp/hard\libc_nano.a
LOAD c:/st/stm32cubeide_1.9.0/stm32cubeide/plugins/com.st.stm32cube.ide.mcu.externaltools.gnu-tools-for-stm32.10.3-2021.10.win32_1.0.0.202111181127/tools/bin/../lib/gcc/arm-none-eabi/10.3.1/../../../../arm-none-eabi/lib/thumb/v7e-m+fp/hard\libnosys.a
END GROUP
START GROUP
LOAD c:/st/stm32cubeide_1.9.0/stm32cubeide/plugins/com.st.stm32cube.ide.mcu.externaltools.gnu-tools-for-stm32.10.3-2021.10.win32_1.0.0.202111181127/tools/bin/../lib/gcc/arm-none-eabi/10.3.1/thumb/v7e-m+fp/hard\libgcc.a
LOAD c:/st/stm32cubeide_1.9.0/stm32cubeide/plugins/com.st.stm32cube.ide.mcu.externaltools.gnu-tools-for-stm32.10.3-2021.10.win32_1.0.0.202111181127/tools/bin/../lib/gcc/arm-none-eabi/10.3.1/../../../../arm-none-eabi/lib/thumb/v7e-m+fp/hard\libc_nano.a
LOAD c:/st/stm32cubeide_1.9.0/stm32cubeide/plugins/com.st.stm32cube.ide.mcu.externaltools.gnu-tools-for-stm32.10.3-2021.10.win32_1.0.0.202111181127/tools/bin/../lib/gcc/arm-none-eabi/10.3.1/../../../../arm-none-eabi/lib/thumb/v7e-m+fp/hard\libnosys.a
END GROUP
LOAD c:/st/stm32cubeide_1.9.0/stm32cubeide/plugins/com.st.stm32cube.ide.mcu.externaltools.gnu-tools-for-stm32.10.3-2021.10.win32_1.0.0.202111181127/tools/bin/../lib/gcc/arm-none-eabi/10.3.1/thumb/v7e-m+fp/hard/crtend.o
LOAD c:/st/stm32cubeide_1.9.0/stm32cubeide/plugins/com.st.stm32cube.ide.mcu.externaltools.gnu-tools-for-stm32.10.3-2021.10.win32_1.0.0.202111181127/tools/bin/../lib/gcc/arm-none-eabi/10.3.1/thumb/v7e-m+fp/hard/crtn.o
                0x0000000020020000                _estack = (ORIGIN (RAM) + LENGTH (RAM))
                0x0000000000000200                _Min_Heap_Size = 0x200
                0x0000000000000400                _Min_Stack_Size = 0x400

.isr_vector     0x0000000008000000      0x1a8
                0x0000000008000000                . = ALIGN (0x4)
 *(.isr_vector)
 .isr_vector    0x0000000008000000      0x1a8 ./Startup/startup_stm32f407vgtx.o
                0x0000000008000000                g_pfnVectors
                0x00000000080001a8                . = ALIGN (0x4)

.text           0x00000000080001a8      0x9c8
                0x00000000080001a8                . = ALIGN (0x4)
 *(.text)
 .text          0x00000000080001a8       0x40 c:/st/stm32cubeide_1.9.0/stm32cubeide/plugins/com.st.stm32cube.ide.mcu.externaltools.gnu-tools-for-stm32.10.3-2021.10.win32_1.0.0.202111181127/tools/bin/../lib/gcc/arm-none-eabi/10.3.1/thumb/v7e-m+fp/hard/crtbegin.o
 .text          0x00000000080001e8       0x10 c:/st/stm32cubeide_1.9.0/stm32cubeide/plugins/com.st.stm32cube.ide.mcu.externaltools.gnu-tools-for-stm32.10.3-2021.10.win32_1.0.0.202111181127/tools/bin/../lib/gcc/arm-none-eabi/10.3.1/../../../../arm-none-eabi/lib/thumb/v7e-m+fp/hard\libc_nano.a(lib_a-strlen.o)
                0x00000000080001e8                strlen
 *(.text*)
 .text.SPI2_GPIOpin_init
                0x00000000080001f8       0x64 ./Src/spi_tx_test.o
                0x00000000080001f8                SPI2_GPIOpin_init
 .text.SPI2_init
                0x000000000800025c       0x44 ./Src/spi_tx_test.o
                0x000000000800025c                SPI2_init
 .text.main     0x00000000080002a0       0x60 ./Src/spi_tx_test.o
                0x00000000080002a0                main
 .text.Reset_Handler
                0x0000000008000300       0x50 ./Startup/startup_stm32f407vgtx.o
                0x0000000008000300                Reset_Handler
 .text.Default_Handler
                0x0000000008000350        0x2 ./Startup/startup_stm32f407vgtx.o
                0x0000000008000350                RTC_Alarm_IRQHandler
                0x0000000008000350                HASH_RNG_IRQHandler
                0x0000000008000350                EXTI2_IRQHandler
                0x0000000008000350                TIM8_CC_IRQHandler
                0x0000000008000350                DebugMon_Handler
                0x0000000008000350                TIM1_CC_IRQHandler
                0x0000000008000350                DMA2_Stream5_IRQHandler
                0x0000000008000350                HardFault_Handler
                0x0000000008000350                DMA1_Stream5_IRQHandler
                0x0000000008000350                SysTick_Handler
                0x0000000008000350                PVD_IRQHandler
                0x0000000008000350                SDIO_IRQHandler
                0x0000000008000350                TAMP_STAMP_IRQHandler
                0x0000000008000350                PendSV_Handler
                0x0000000008000350                NMI_Handler
                0x0000000008000350                CAN2_RX1_IRQHandler
                0x0000000008000350                EXTI3_IRQHandler
                0x0000000008000350                TIM8_TRG_COM_TIM14_IRQHandler
                0x0000000008000350                TIM1_UP_TIM10_IRQHandler
                0x0000000008000350                TIM8_UP_TIM13_IRQHandler
                0x0000000008000350                I2C3_ER_IRQHandler
                0x0000000008000350                LCD_TFT_IRQHandler
                0x0000000008000350                EXTI0_IRQHandler
                0x0000000008000350                I2C2_EV_IRQHandler
                0x0000000008000350                DMA1_Stream2_IRQHandler
                0x0000000008000350                CAN1_RX0_IRQHandler
                0x0000000008000350                FPU_IRQHandler
                0x0000000008000350                OTG_HS_WKUP_IRQHandler
                0x0000000008000350                UsageFault_Handler
                0x0000000008000350                CAN2_SCE_IRQHandler
                0x0000000008000350                DMA2_Stream2_IRQHandler
                0x0000000008000350                SPI1_IRQHandler
                0x0000000008000350                TIM6_DAC_IRQHandler
                0x0000000008000350                TIM1_BRK_TIM9_IRQHandler
                0x0000000008000350                DCMI_IRQHandler
                0x0000000008000350                CAN2_RX0_IRQHandler
                0x0000000008000350                DMA2_Stream3_IRQHandler
                0x0000000008000350                USART6_IRQHandler
                0x0000000008000350                USART3_IRQHandler
                0x0000000008000350                CRYP_IRQHandler
                0x0000000008000350                CAN1_RX1_IRQHandler
                0x0000000008000350                UART5_IRQHandler
                0x0000000008000350                DMA2_Stream0_IRQHandler
                0x0000000008000350                TIM4_IRQHandler
                0x0000000008000350                I2C1_EV_IRQHandler
                0x0000000008000350                DMA1_Stream6_IRQHandler
                0x0000000008000350                DMA1_Stream1_IRQHandler
                0x0000000008000350                UART4_IRQHandler
                0x0000000008000350                LCD_TFT_1_IRQHandler
                0x0000000008000350                TIM3_IRQHandler
                0x0000000008000350                RCC_IRQHandler
                0x0000000008000350                TIM8_BRK_TIM12_IRQHandler
                0x0000000008000350                Default_Handler
                0x0000000008000350                EXTI15_10_IRQHandler
                0x0000000008000350                ADC_IRQHandler
                0x0000000008000350                DMA1_Stream7_IRQHandler
                0x0000000008000350                TIM7_IRQHandler
                0x0000000008000350                CAN2_TX_IRQHandler
                0x0000000008000350                TIM5_IRQHandler
                0x0000000008000350                DMA2_Stream7_IRQHandler
                0x0000000008000350                I2C3_EV_IRQHandler
                0x0000000008000350                EXTI9_5_IRQHandler
                0x0000000008000350                RTC_WKUP_IRQHandler
                0x0000000008000350                ETH_WKUP_IRQHandler
                0x0000000008000350                SPI2_IRQHandler
                0x0000000008000350                OTG_HS_EP1_IN_IRQHandler
                0x0000000008000350                MemManage_Handler
                0x0000000008000350                DMA1_Stream0_IRQHandler
                0x0000000008000350                CAN1_TX_IRQHandler
                0x0000000008000350                SVC_Handler
                0x0000000008000350                EXTI4_IRQHandler
                0x0000000008000350                FSMC_IRQHandler
                0x0000000008000350                ETH_IRQHandler
                0x0000000008000350                OTG_HS_EP1_OUT_IRQHandler
                0x0000000008000350                WWDG_IRQHandler
                0x0000000008000350                TIM2_IRQHandler
                0x0000000008000350                OTG_FS_WKUP_IRQHandler
                0x0000000008000350                TIM1_TRG_COM_TIM11_IRQHandler
                0x0000000008000350                OTG_HS_IRQHandler
                0x0000000008000350                EXTI1_IRQHandler
                0x0000000008000350                USART2_IRQHandler
                0x0000000008000350                I2C2_ER_IRQHandler
                0x0000000008000350                DMA2_Stream1_IRQHandler
                0x0000000008000350                CAN1_SCE_IRQHandler
                0x0000000008000350                DMA2_Stream4_IRQHandler
                0x0000000008000350                BusFault_Handler
                0x0000000008000350                USART1_IRQHandler
                0x0000000008000350                OTG_FS_IRQHandler
                0x0000000008000350                SPI3_IRQHandler
                0x0000000008000350                DMA1_Stream4_IRQHandler
                0x0000000008000350                I2C1_ER_IRQHandler
                0x0000000008000350                DMA2_Stream6_IRQHandler
                0x0000000008000350                DMA1_Stream3_IRQHandler
 *fill*         0x0000000008000352        0x2 
 .text.GPIO_init
                0x0000000008000354      0x340 ./drivers/src/stm32f407_gpio_driver.o
                0x0000000008000354                GPIO_init
 .text.GPIO_clk_ctrl
                0x0000000008000694      0x1d0 ./drivers/src/stm32f407_gpio_driver.o
                0x0000000008000694                GPIO_clk_ctrl
 .text.SPI_init
                0x0000000008000864       0xf4 ./drivers/src/stm32f407_spi_driver.o
                0x0000000008000864                SPI_init
 .text.SPI_clk_ctrl
                0x0000000008000958       0xb0 ./drivers/src/stm32f407_spi_driver.o
                0x0000000008000958                SPI_clk_ctrl
 .text.SPI_send_data
                0x0000000008000a08       0x6e ./drivers/src/stm32f407_spi_driver.o
                0x0000000008000a08                SPI_send_data
 .text.get_spi_status
                0x0000000008000a76       0x28 ./drivers/src/stm32f407_spi_driver.o
                0x0000000008000a76                get_spi_status
 .text.SPI_peripheral_control
                0x0000000008000a9e       0x38 ./drivers/src/stm32f407_spi_driver.o
                0x0000000008000a9e                SPI_peripheral_control
 .text.SPI_SSI_config
                0x0000000008000ad6       0x38 ./drivers/src/stm32f407_spi_driver.o
                0x0000000008000ad6                SPI_SSI_config
 *fill*         0x0000000008000b0e        0x2 
 .text.__libc_init_array
                0x0000000008000b10       0x48 c:/st/stm32cubeide_1.9.0/stm32cubeide/plugins/com.st.stm32cube.ide.mcu.externaltools.gnu-tools-for-stm32.10.3-2021.10.win32_1.0.0.202111181127/tools/bin/../lib/gcc/arm-none-eabi/10.3.1/../../../../arm-none-eabi/lib/thumb/v7e-m+fp/hard\libc_nano.a(lib_a-init.o)
                0x0000000008000b10                __libc_init_array
 *(.glue_7)
 .glue_7        0x0000000008000b58        0x0 linker stubs
 *(.glue_7t)
 .glue_7t       0x0000000008000b58        0x0 linker stubs
 *(.eh_frame)
 .eh_frame      0x0000000008000b58        0x0 c:/st/stm32cubeide_1.9.0/stm32cubeide/plugins/com.st.stm32cube.ide.mcu.externaltools.gnu-tools-for-stm32.10.3-2021.10.win32_1.0.0.202111181127/tools/bin/../lib/gcc/arm-none-eabi/10.3.1/thumb/v7e-m+fp/hard/crtbegin.o
 *(.init)
 .init          0x0000000008000b58        0x4 c:/st/stm32cubeide_1.9.0/stm32cubeide/plugins/com.st.stm32cube.ide.mcu.externaltools.gnu-tools-for-stm32.10.3-2021.10.win32_1.0.0.202111181127/tools/bin/../lib/gcc/arm-none-eabi/10.3.1/thumb/v7e-m+fp/hard/crti.o
                0x0000000008000b58                _init
 .init          0x0000000008000b5c        0x8 c:/st/stm32cubeide_1.9.0/stm32cubeide/plugins/com.st.stm32cube.ide.mcu.externaltools.gnu-tools-for-stm32.10.3-2021.10.win32_1.0.0.202111181127/tools/bin/../lib/gcc/arm-none-eabi/10.3.1/thumb/v7e-m+fp/hard/crtn.o
 *(.fini)
 .fini          0x0000000008000b64        0x4 c:/st/stm32cubeide_1.9.0/stm32cubeide/plugins/com.st.stm32cube.ide.mcu.externaltools.gnu-tools-for-stm32.10.3-2021.10.win32_1.0.0.202111181127/tools/bin/../lib/gcc/arm-none-eabi/10.3.1/thumb/v7e-m+fp/hard/crti.o
                0x0000000008000b64                _fini
 .fini          0x0000000008000b68        0x8 c:/st/stm32cubeide_1.9.0/stm32cubeide/plugins/com.st.stm32cube.ide.mcu.externaltools.gnu-tools-for-stm32.10.3-2021.10.win32_1.0.0.202111181127/tools/bin/../lib/gcc/arm-none-eabi/10.3.1/thumb/v7e-m+fp/hard/crtn.o
                0x0000000008000b70                . = ALIGN (0x4)
                0x0000000008000b70                _etext = .

.vfp11_veneer   0x0000000008000b70        0x0
 .vfp11_veneer  0x0000000008000b70        0x0 linker stubs

.v4_bx          0x0000000008000b70        0x0
 .v4_bx         0x0000000008000b70        0x0 linker stubs

.iplt           0x0000000008000b70        0x0
 .iplt          0x0000000008000b70        0x0 c:/st/stm32cubeide_1.9.0/stm32cubeide/plugins/com.st.stm32cube.ide.mcu.externaltools.gnu-tools-for-stm32.10.3-2021.10.win32_1.0.0.202111181127/tools/bin/../lib/gcc/arm-none-eabi/10.3.1/thumb/v7e-m+fp/hard/crtbegin.o

.rodata         0x0000000008000b70        0xc
                0x0000000008000b70                . = ALIGN (0x4)
 *(.rodata)
 .rodata        0x0000000008000b70        0xc ./Src/spi_tx_test.o
 *(.rodata*)
                0x0000000008000b7c                . = ALIGN (0x4)

.rel.dyn        0x0000000008000b7c        0x0
 .rel.iplt      0x0000000008000b7c        0x0 c:/st/stm32cubeide_1.9.0/stm32cubeide/plugins/com.st.stm32cube.ide.mcu.externaltools.gnu-tools-for-stm32.10.3-2021.10.win32_1.0.0.202111181127/tools/bin/../lib/gcc/arm-none-eabi/10.3.1/thumb/v7e-m+fp/hard/crtbegin.o

.ARM.extab      0x0000000008000b7c        0x0
                0x0000000008000b7c                . = ALIGN (0x4)
 *(.ARM.extab* .gnu.linkonce.armextab.*)
                0x0000000008000b7c                . = ALIGN (0x4)

.ARM            0x0000000008000b7c        0x0
                0x0000000008000b7c                . = ALIGN (0x4)
                0x0000000008000b7c                __exidx_start = .
 *(.ARM.exidx*)
                0x0000000008000b7c                __exidx_end = .
                0x0000000008000b7c                . = ALIGN (0x4)

.preinit_array  0x0000000008000b7c        0x0
                0x0000000008000b7c                . = ALIGN (0x4)
                0x0000000008000b7c                PROVIDE (__preinit_array_start = .)
 *(.preinit_array*)
                0x0000000008000b7c                PROVIDE (__preinit_array_end = .)
                0x0000000008000b7c                . = ALIGN (0x4)

.init_array     0x0000000008000b7c        0x4
                0x0000000008000b7c                . = ALIGN (0x4)
                0x0000000008000b7c                PROVIDE (__init_array_start = .)
 *(SORT_BY_NAME(.init_array.*))
 *(.init_array*)
 .init_array    0x0000000008000b7c        0x4 c:/st/stm32cubeide_1.9.0/stm32cubeide/plugins/com.st.stm32cube.ide.mcu.externaltools.gnu-tools-for-stm32.10.3-2021.10.win32_1.0.0.202111181127/tools/bin/../lib/gcc/arm-none-eabi/10.3.1/thumb/v7e-m+fp/hard/crtbegin.o
                0x0000000008000b80                PROVIDE (__init_array_end = .)
                0x0000000008000b80                . = ALIGN (0x4)

.fini_array     0x0000000008000b80        0x4
                0x0000000008000b80                . = ALIGN (0x4)
                [!provide]                        PROVIDE (__fini_array_start = .)
 *(SORT_BY_NAME(.fini_array.*))
 *(.fini_array*)
 .fini_array    0x0000000008000b80        0x4 c:/st/stm32cubeide_1.9.0/stm32cubeide/plugins/com.st.stm32cube.ide.mcu.externaltools.gnu-tools-for-stm32.10.3-2021.10.win32_1.0.0.202111181127/tools/bin/../lib/gcc/arm-none-eabi/10.3.1/thumb/v7e-m+fp/hard/crtbegin.o
                [!provide]                        PROVIDE (__fini_array_end = .)
                0x0000000008000b84                . = ALIGN (0x4)
                0x0000000008000b84                _sidata = LOADADDR (.data)

.data           0x0000000020000000        0x0 load address 0x0000000008000b84
                0x0000000020000000                . = ALIGN (0x4)
                0x0000000020000000                _sdata = .
 *(.data)
 *(.data*)
 *(.RamFunc)
 *(.RamFunc*)
                0x0000000020000000                . = ALIGN (0x4)
                0x0000000020000000                _edata = .
                0x0000000008000b84                _siccmram = LOADADDR (.ccmram)

.igot.plt       0x0000000020000000        0x0 load address 0x0000000008000b84
 .igot.plt      0x0000000020000000        0x0 c:/st/stm32cubeide_1.9.0/stm32cubeide/plugins/com.st.stm32cube.ide.mcu.externaltools.gnu-tools-for-stm32.10.3-2021.10.win32_1.0.0.202111181127/tools/bin/../lib/gcc/arm-none-eabi/10.3.1/thumb/v7e-m+fp/hard/crtbegin.o

.ccmram         0x0000000010000000        0x0 load address 0x0000000008000b84
                0x0000000010000000                . = ALIGN (0x4)
                0x0000000010000000                _sccmram = .
 *(.ccmram)
 *(.ccmram*)
                0x0000000010000000                . = ALIGN (0x4)
                0x0000000010000000                _eccmram = .
                0x0000000010000000                . = ALIGN (0x4)

.bss            0x0000000020000000       0x1c
                0x0000000020000000                _sbss = .
                0x0000000020000000                __bss_start__ = _sbss
 *(.bss)
 .bss           0x0000000020000000       0x1c c:/st/stm32cubeide_1.9.0/stm32cubeide/plugins/com.st.stm32cube.ide.mcu.externaltools.gnu-tools-for-stm32.10.3-2021.10.win32_1.0.0.202111181127/tools/bin/../lib/gcc/arm-none-eabi/10.3.1/thumb/v7e-m+fp/hard/crtbegin.o
 *(.bss*)
 *(COMMON)
                0x000000002000001c                . = ALIGN (0x4)
                0x000000002000001c                _ebss = .
                0x000000002000001c                __bss_end__ = _ebss

._user_heap_stack
                0x000000002000001c      0x604
                0x0000000020000020                . = ALIGN (0x8)
 *fill*         0x000000002000001c        0x4 
                [!provide]                        PROVIDE (end = .)
                0x0000000020000020                PROVIDE (_end = .)
                0x0000000020000220                . = (. + _Min_Heap_Size)
 *fill*         0x0000000020000020      0x200 
                0x0000000020000620                . = (. + _Min_Stack_Size)
 *fill*         0x0000000020000220      0x400 
                0x0000000020000620                . = ALIGN (0x8)

/DISCARD/
 libc.a(*)
 libm.a(*)
 libgcc.a(*)

.ARM.attributes
                0x0000000000000000       0x30
 *(.ARM.attributes)
 .ARM.attributes
                0x0000000000000000       0x1e c:/st/stm32cubeide_1.9.0/stm32cubeide/plugins/com.st.stm32cube.ide.mcu.externaltools.gnu-tools-for-stm32.10.3-2021.10.win32_1.0.0.202111181127/tools/bin/../lib/gcc/arm-none-eabi/10.3.1/thumb/v7e-m+fp/hard/crti.o
 .ARM.attributes
                0x000000000000001e       0x34 c:/st/stm32cubeide_1.9.0/stm32cubeide/plugins/com.st.stm32cube.ide.mcu.externaltools.gnu-tools-for-stm32.10.3-2021.10.win32_1.0.0.202111181127/tools/bin/../lib/gcc/arm-none-eabi/10.3.1/thumb/v7e-m+fp/hard/crtbegin.o
 .ARM.attributes
                0x0000000000000052       0x34 ./Src/spi_tx_test.o
 .ARM.attributes
                0x0000000000000086       0x21 ./Startup/startup_stm32f407vgtx.o
 .ARM.attributes
                0x00000000000000a7       0x34 ./drivers/src/stm32f407_gpio_driver.o
 .ARM.attributes
                0x00000000000000db       0x34 ./drivers/src/stm32f407_spi_driver.o
 .ARM.attributes
                0x000000000000010f       0x34 c:/st/stm32cubeide_1.9.0/stm32cubeide/plugins/com.st.stm32cube.ide.mcu.externaltools.gnu-tools-for-stm32.10.3-2021.10.win32_1.0.0.202111181127/tools/bin/../lib/gcc/arm-none-eabi/10.3.1/../../../../arm-none-eabi/lib/thumb/v7e-m+fp/hard\libc_nano.a(lib_a-init.o)
 .ARM.attributes
                0x0000000000000143       0x17 c:/st/stm32cubeide_1.9.0/stm32cubeide/plugins/com.st.stm32cube.ide.mcu.externaltools.gnu-tools-for-stm32.10.3-2021.10.win32_1.0.0.202111181127/tools/bin/../lib/gcc/arm-none-eabi/10.3.1/../../../../arm-none-eabi/lib/thumb/v7e-m+fp/hard\libc_nano.a(lib_a-strlen.o)
 .ARM.attributes
                0x000000000000015a       0x1e c:/st/stm32cubeide_1.9.0/stm32cubeide/plugins/com.st.stm32cube.ide.mcu.externaltools.gnu-tools-for-stm32.10.3-2021.10.win32_1.0.0.202111181127/tools/bin/../lib/gcc/arm-none-eabi/10.3.1/thumb/v7e-m+fp/hard/crtn.o
OUTPUT(stm32f407_drivers.elf elf32-littlearm)
LOAD linker stubs
LOAD c:/st/stm32cubeide_1.9.0/stm32cubeide/plugins/com.st.stm32cube.ide.mcu.externaltools.gnu-tools-for-stm32.10.3-2021.10.win32_1.0.0.202111181127/tools/bin/../lib/gcc/arm-none-eabi/10.3.1/../../../../arm-none-eabi/lib/thumb/v7e-m+fp/hard\libc.a
LOAD c:/st/stm32cubeide_1.9.0/stm32cubeide/plugins/com.st.stm32cube.ide.mcu.externaltools.gnu-tools-for-stm32.10.3-2021.10.win32_1.0.0.202111181127/tools/bin/../lib/gcc/arm-none-eabi/10.3.1/../../../../arm-none-eabi/lib/thumb/v7e-m+fp/hard\libm.a
LOAD c:/st/stm32cubeide_1.9.0/stm32cubeide/plugins/com.st.stm32cube.ide.mcu.externaltools.gnu-tools-for-stm32.10.3-2021.10.win32_1.0.0.202111181127/tools/bin/../lib/gcc/arm-none-eabi/10.3.1/thumb/v7e-m+fp/hard\libgcc.a

.debug_info     0x0000000000000000     0x1518
 .debug_info    0x0000000000000000      0x4e3 ./Src/spi_tx_test.o
 .debug_info    0x00000000000004e3       0x22 ./Startup/startup_stm32f407vgtx.o
 .debug_info    0x0000000000000505      0x77b ./drivers/src/stm32f407_gpio_driver.o
 .debug_info    0x0000000000000c80      0x898 ./drivers/src/stm32f407_spi_driver.o

.debug_abbrev   0x0000000000000000      0x41e
 .debug_abbrev  0x0000000000000000      0x12e ./Src/spi_tx_test.o
 .debug_abbrev  0x000000000000012e       0x12 ./Startup/startup_stm32f407vgtx.o
 .debug_abbrev  0x0000000000000140      0x13d ./drivers/src/stm32f407_gpio_driver.o
 .debug_abbrev  0x000000000000027d      0x1a1 ./drivers/src/stm32f407_spi_driver.o

.debug_aranges  0x0000000000000000      0x180
 .debug_aranges
                0x0000000000000000       0x30 ./Src/spi_tx_test.o
 .debug_aranges
                0x0000000000000030       0x28 ./Startup/startup_stm32f407vgtx.o
 .debug_aranges
                0x0000000000000058       0x70 ./drivers/src/stm32f407_gpio_driver.o
 .debug_aranges
                0x00000000000000c8       0xb8 ./drivers/src/stm32f407_spi_driver.o

.debug_ranges   0x0000000000000000      0x148
 .debug_ranges  0x0000000000000000       0x20 ./Src/spi_tx_test.o
 .debug_ranges  0x0000000000000020       0x20 ./Startup/startup_stm32f407vgtx.o
 .debug_ranges  0x0000000000000040       0x60 ./drivers/src/stm32f407_gpio_driver.o
 .debug_ranges  0x00000000000000a0       0xa8 ./drivers/src/stm32f407_spi_driver.o

.debug_macro    0x0000000000000000     0x228f
 .debug_macro   0x0000000000000000      0x169 ./Src/spi_tx_test.o
 .debug_macro   0x0000000000000169      0xa84 ./Src/spi_tx_test.o
 .debug_macro   0x0000000000000bed       0x22 ./Src/spi_tx_test.o
 .debug_macro   0x0000000000000c0f       0x8e ./Src/spi_tx_test.o
 .debug_macro   0x0000000000000c9d       0x51 ./Src/spi_tx_test.o
 .debug_macro   0x0000000000000cee      0x103 ./Src/spi_tx_test.o
 .debug_macro   0x0000000000000df1       0x6a ./Src/spi_tx_test.o
 .debug_macro   0x0000000000000e5b      0x1df ./Src/spi_tx_test.o
 .debug_macro   0x000000000000103a       0x52 ./Src/spi_tx_test.o
 .debug_macro   0x000000000000108c       0x1e ./Src/spi_tx_test.o
 .debug_macro   0x00000000000010aa       0x3c ./Src/spi_tx_test.o
 .debug_macro   0x00000000000010e6       0x34 ./Src/spi_tx_test.o
 .debug_macro   0x000000000000111a      0x174 ./Src/spi_tx_test.o
 .debug_macro   0x000000000000128e       0x16 ./Src/spi_tx_test.o
 .debug_macro   0x00000000000012a4       0x43 ./Src/spi_tx_test.o
 .debug_macro   0x00000000000012e7       0x34 ./Src/spi_tx_test.o
 .debug_macro   0x000000000000131b       0x10 ./Src/spi_tx_test.o
 .debug_macro   0x000000000000132b       0x58 ./Src/spi_tx_test.o
 .debug_macro   0x0000000000001383       0x71 ./Src/spi_tx_test.o
 .debug_macro   0x00000000000013f4       0x1c ./Src/spi_tx_test.o
 .debug_macro   0x0000000000001410      0x12a ./Src/spi_tx_test.o
 .debug_macro   0x000000000000153a      0x341 ./Src/spi_tx_test.o
 .debug_macro   0x000000000000187b       0x10 ./Src/spi_tx_test.o
 .debug_macro   0x000000000000188b       0x35 ./Src/spi_tx_test.o
 .debug_macro   0x00000000000018c0       0x20 ./Src/spi_tx_test.o
 .debug_macro   0x00000000000018e0      0x72b ./Src/spi_tx_test.o
 .debug_macro   0x000000000000200b       0xb8 ./Src/spi_tx_test.o
 .debug_macro   0x00000000000020c3       0xc4 ./Src/spi_tx_test.o
 .debug_macro   0x0000000000002187       0x84 ./drivers/src/stm32f407_gpio_driver.o
 .debug_macro   0x000000000000220b       0x84 ./drivers/src/stm32f407_spi_driver.o

.debug_line     0x0000000000000000     0x1987
 .debug_line    0x0000000000000000      0x5fa ./Src/spi_tx_test.o
 .debug_line    0x00000000000005fa       0x84 ./Startup/startup_stm32f407vgtx.o
 .debug_line    0x000000000000067e      0x96c ./drivers/src/stm32f407_gpio_driver.o
 .debug_line    0x0000000000000fea      0x99d ./drivers/src/stm32f407_spi_driver.o

.debug_str      0x0000000000000000     0x9bb2
 .debug_str     0x0000000000000000     0x96f0 ./Src/spi_tx_test.o
                                       0x990b (size before relaxing)
 .debug_str     0x00000000000096f0       0x31 ./Startup/startup_stm32f407vgtx.o
                                         0x69 (size before relaxing)
 .debug_str     0x0000000000009721      0x2d0 ./drivers/src/stm32f407_gpio_driver.o
                                       0x69ad (size before relaxing)
 .debug_str     0x00000000000099f1      0x1c1 ./drivers/src/stm32f407_spi_driver.o
                                       0x6a7e (size before relaxing)

.comment        0x0000000000000000       0x50
 .comment       0x0000000000000000       0x50 ./Src/spi_tx_test.o
                                         0x51 (size before relaxing)
 .comment       0x0000000000000050       0x51 ./drivers/src/stm32f407_gpio_driver.o
 .comment       0x0000000000000050       0x51 ./drivers/src/stm32f407_spi_driver.o

.debug_frame    0x0000000000000000      0x584
 .debug_frame   0x0000000000000000       0x78 ./Src/spi_tx_test.o
 .debug_frame   0x0000000000000078      0x1c8 ./drivers/src/stm32f407_gpio_driver.o
 .debug_frame   0x0000000000000240      0x318 ./drivers/src/stm32f407_spi_driver.o
 .debug_frame   0x0000000000000558       0x2c c:/st/stm32cubeide_1.9.0/stm32cubeide/plugins/com.st.stm32cube.ide.mcu.externaltools.gnu-tools-for-stm32.10.3-2021.10.win32_1.0.0.202111181127/tools/bin/../lib/gcc/arm-none-eabi/10.3.1/../../../../arm-none-eabi/lib/thumb/v7e-m+fp/hard\libc_nano.a(lib_a-init.o)
