../drivers/src/stm32f407_i2c_driver.c:15:6:I2C_init	24	static
../drivers/src/stm32f407_i2c_driver.c:83:6:I2C_deinit	16	static
../drivers/src/stm32f407_i2c_driver.c:100:6:I2C_clk_ctrl	16	static
../drivers/src/stm32f407_i2c_driver.c:135:6:I2C_master_tx	24	static
../drivers/src/stm32f407_i2c_driver.c:175:6:I2C_master_rx	32	static
../drivers/src/stm32f407_i2c_driver.c:250:9:I2C_master_tx_interrupt	32	static
../drivers/src/stm32f407_i2c_driver.c:278:9:I2C_master_rx_interrupt	32	static
../drivers/src/stm32f407_i2c_driver.c:307:6:I2C_slave_tx	16	static
../drivers/src/stm32f407_i2c_driver.c:311:9:I2C_slave_rx	16	static
../drivers/src/stm32f407_i2c_driver.c:316:6:I2C_irq_interrupt_config	16	static
../drivers/src/stm32f407_i2c_driver.c:356:6:I2C_irq_priority_config	24	static
../drivers/src/stm32f407_i2c_driver.c:363:6:I2C_event_irq_handling	24	static
../drivers/src/stm32f407_i2c_driver.c:534:6:I2C_error_irq_handling	24	static
../drivers/src/stm32f407_i2c_driver.c:599:9:get_I2C_status	16	static
../drivers/src/stm32f407_i2c_driver.c:608:6:I2C_peripheral_control	16	static
../drivers/src/stm32f407_i2c_driver.c:620:6:I2C_manage_ack	16	static
../drivers/src/stm32f407_i2c_driver.c:632:6:I2C_close_tx	16	static
../drivers/src/stm32f407_i2c_driver.c:642:6:I2C_close_rx	16	static
../drivers/src/stm32f407_i2c_driver.c:661:13:I2C_generate_start	16	static
../drivers/src/stm32f407_i2c_driver.c:666:13:I2C_address_phase	16	static
../drivers/src/stm32f407_i2c_driver.c:680:13:I2C_clear_addr_flag	24	static
../drivers/src/stm32f407_i2c_driver.c:716:6:I2C_generate_stop	16	static
../drivers/src/stm32f407_i2c_driver.c:721:6:I2C_slave_en_di_callback_ev	16	static
